 gif_model_sfun

 Timestamp is 55c7a70a (Sun Aug 09 12:16:26 2015)

 Preferred load address is 0000000180000000

 Start         Length     Name                   Class
 0001:00000000 000551b4H .text                   CODE
 0001:000551c0 00000092H .text$x                 CODE
 0002:00000000 000004b0H .idata$5                DATA
 0002:000004b0 00000008H .CRT$XCA                DATA
 0002:000004b8 00000008H .CRT$XCZ                DATA
 0002:000004c0 00000008H .CRT$XIA                DATA
 0002:000004c8 00000008H .CRT$XIAA               DATA
 0002:000004d0 00000008H .CRT$XIZ                DATA
 0002:000004e0 00004bccH .rdata                  DATA
 0002:000050b0 00000008H .rtc$IAA                DATA
 0002:000050b8 00000008H .rtc$IZZ                DATA
 0002:000050c0 00000008H .rtc$TAA                DATA
 0002:000050c8 00000008H .rtc$TZZ                DATA
 0002:000050d0 00004b24H .xdata                  DATA
 0002:00009bf4 000000a0H .idata$2                DATA
 0002:00009c94 00000014H .idata$3                DATA
 0002:00009ca8 000004b0H .idata$4                DATA
 0002:0000a158 00000b02H .idata$6                DATA
 0002:0000ac60 00000054H .edata                  DATA
 0003:00000000 000080d8H .data                   DATA
 0003:000080e0 00002498H .bss                    DATA
 0004:00000000 00003cc0H .pdata                  DATA

  Address         Publics by Value              Rva+Base               Lib:Object

 0000:00000000       ___safe_se_handler_table   0000000000000000     <absolute>
 0000:00000000       ___safe_se_handler_count   0000000000000000     <absolute>
 0000:00000000       __ImageBase                0000000180000000     <linker-defined>
 0001:00000000       sf_c1_gif_model_get_eml_resolved_functions_info 0000000180001000 f   c1_gif_model.obj
 0001:00000c10       sf_c1_gif_model_get_check_sum 0000000180001c10 f   c1_gif_model.obj
 0001:00000c90       sf_c1_gif_model_get_autoinheritance_info 0000000180001c90 f   c1_gif_model.obj
 0001:00001490       sf_c1_gif_model_third_party_uses_info 0000000180002490 f   c1_gif_model.obj
 0001:000014c0       sf_internal_get_sim_state_c1_gif_model 00000001800024c0 f   c1_gif_model.obj
 0001:00001950       sf_internal_set_sim_state_c1_gif_model 0000000180002950 f   c1_gif_model.obj
 0001:00001ea0       c1_gif_model_method_dispatcher 0000000180002ea0 f   c1_gif_model.obj
 0001:000056f0       sf_c3_gif_model_get_eml_resolved_functions_info 00000001800066f0 f   c3_gif_model.obj
 0001:00005770       sf_c3_gif_model_get_check_sum 0000000180006770 f   c3_gif_model.obj
 0001:000057f0       sf_c3_gif_model_get_autoinheritance_info 00000001800067f0 f   c3_gif_model.obj
 0001:00005c10       sf_c3_gif_model_third_party_uses_info 0000000180006c10 f   c3_gif_model.obj
 0001:00005c40       sf_internal_get_sim_state_c3_gif_model 0000000180006c40 f   c3_gif_model.obj
 0001:00005ff0       sf_internal_set_sim_state_c3_gif_model 0000000180006ff0 f   c3_gif_model.obj
 0001:000064b0       c3_gif_model_method_dispatcher 00000001800074b0 f   c3_gif_model.obj
 0001:00008430       sf_c4_gif_model_get_eml_resolved_functions_info 0000000180009430 f   c4_gif_model.obj
 0001:00009040       sf_c4_gif_model_get_check_sum 000000018000a040 f   c4_gif_model.obj
 0001:000090c0       sf_c4_gif_model_get_autoinheritance_info 000000018000a0c0 f   c4_gif_model.obj
 0001:000098c0       sf_c4_gif_model_third_party_uses_info 000000018000a8c0 f   c4_gif_model.obj
 0001:000098f0       sf_internal_get_sim_state_c4_gif_model 000000018000a8f0 f   c4_gif_model.obj
 0001:00009dc0       sf_internal_set_sim_state_c4_gif_model 000000018000adc0 f   c4_gif_model.obj
 0001:0000a310       c4_gif_model_method_dispatcher 000000018000b310 f   c4_gif_model.obj
 0001:0000dbc0       sf_c5_gif_model_get_eml_resolved_functions_info 000000018000ebc0 f   c5_gif_model.obj
 0001:0000dc40       sf_c5_gif_model_get_check_sum 000000018000ec40 f   c5_gif_model.obj
 0001:0000dcc0       sf_c5_gif_model_get_autoinheritance_info 000000018000ecc0 f   c5_gif_model.obj
 0001:0000e0e0       sf_c5_gif_model_third_party_uses_info 000000018000f0e0 f   c5_gif_model.obj
 0001:0000e110       sf_internal_get_sim_state_c5_gif_model 000000018000f110 f   c5_gif_model.obj
 0001:0000e4f0       sf_internal_set_sim_state_c5_gif_model 000000018000f4f0 f   c5_gif_model.obj
 0001:0000e9c0       c5_gif_model_method_dispatcher 000000018000f9c0 f   c5_gif_model.obj
 0001:00010950       sf_c6_gif_model_get_eml_resolved_functions_info 0000000180011950 f   c6_gif_model.obj
 0001:00012000       sf_c6_gif_model_get_check_sum 0000000180013000 f   c6_gif_model.obj
 0001:00012080       sf_c6_gif_model_get_autoinheritance_info 0000000180013080 f   c6_gif_model.obj
 0001:000125f0       sf_c6_gif_model_third_party_uses_info 00000001800135f0 f   c6_gif_model.obj
 0001:00012620       sf_internal_get_sim_state_c6_gif_model 0000000180013620 f   c6_gif_model.obj
 0001:000129d0       sf_internal_set_sim_state_c6_gif_model 00000001800139d0 f   c6_gif_model.obj
 0001:00012e70       c6_gif_model_method_dispatcher 0000000180013e70 f   c6_gif_model.obj
 0001:000173c0       sf_c7_gif_model_get_eml_resolved_functions_info 00000001800183c0 f   c7_gif_model.obj
 0001:00017e40       sf_c7_gif_model_get_check_sum 0000000180018e40 f   c7_gif_model.obj
 0001:00017ec0       sf_c7_gif_model_get_autoinheritance_info 0000000180018ec0 f   c7_gif_model.obj
 0001:00018430       sf_c7_gif_model_third_party_uses_info 0000000180019430 f   c7_gif_model.obj
 0001:00018460       sf_internal_get_sim_state_c7_gif_model 0000000180019460 f   c7_gif_model.obj
 0001:00018840       sf_internal_set_sim_state_c7_gif_model 0000000180019840 f   c7_gif_model.obj
 0001:00018d10       c7_gif_model_method_dispatcher 0000000180019d10 f   c7_gif_model.obj
 0001:0001b2e0       sf_c8_gif_model_get_eml_resolved_functions_info 000000018001c2e0 f   c8_gif_model.obj
 0001:0001bee0       sf_c8_gif_model_get_check_sum 000000018001cee0 f   c8_gif_model.obj
 0001:0001bf60       sf_c8_gif_model_get_autoinheritance_info 000000018001cf60 f   c8_gif_model.obj
 0001:0001c4d0       sf_c8_gif_model_third_party_uses_info 000000018001d4d0 f   c8_gif_model.obj
 0001:0001c500       sf_internal_get_sim_state_c8_gif_model 000000018001d500 f   c8_gif_model.obj
 0001:0001c8d0       sf_internal_set_sim_state_c8_gif_model 000000018001d8d0 f   c8_gif_model.obj
 0001:0001cdd0       c8_gif_model_method_dispatcher 000000018001ddd0 f   c8_gif_model.obj
 0001:0001f3b0       sf_c9_gif_model_get_eml_resolved_functions_info 00000001800203b0 f   c9_gif_model.obj
 0001:0001fad0       sf_c9_gif_model_get_check_sum 0000000180020ad0 f   c9_gif_model.obj
 0001:0001fb50       sf_c9_gif_model_get_autoinheritance_info 0000000180020b50 f   c9_gif_model.obj
 0001:00020200       sf_c9_gif_model_third_party_uses_info 0000000180021200 f   c9_gif_model.obj
 0001:00020230       sf_internal_get_sim_state_c9_gif_model 0000000180021230 f   c9_gif_model.obj
 0001:00020590       sf_internal_set_sim_state_c9_gif_model 0000000180021590 f   c9_gif_model.obj
 0001:00020990       c9_gif_model_method_dispatcher 0000000180021990 f   c9_gif_model.obj
 0001:00022920       sf_process_check_sum_call  0000000180023920 f   gif_model_sfun_registry.obj
 0001:00022970       sf_process_autoinheritance_call 0000000180023970 f   gif_model_sfun_registry.obj
 0001:00022b10       sf_process_get_third_party_uses_info_call 0000000180023b10 f   gif_model_sfun_registry.obj
 0001:00022cb0       sf_process_get_eml_resolved_functions_info_call 0000000180023cb0 f   gif_model_sfun_registry.obj
 0001:00022e30       sf_mex_unlock_call         0000000180023e30 f   gif_model_sfun_registry.obj
 0001:00022ee0       sf_machine_global_initializer_called 0000000180023ee0 f   gif_model_sfun_registry.obj
 0001:00022f10       sf_machine_global_method_dispatcher 0000000180023f10 f   gif_model_sfun_registry.obj
 0001:00022f70       sf_machine_global_terminator 0000000180023f70 f   gif_model_sfun_registry.obj
 0001:00022fc0       sf_register_machine_exported_symbols 0000000180023fc0 f   gif_model_sfun_registry.obj
 0001:00022fe0       callCustomFcn              0000000180023fe0 f   gif_model_sfun_registry.obj
 0001:00022ff0       sf_machine_global_initializer 0000000180023ff0 f   gif_model_sfun_registry.obj
 0001:00023070       _ssSetStateAbsTol          0000000180024070 f   gif_model_sfun_registry.obj
 0001:00023150       _ssGetAbsTol               0000000180024150 f   gif_model_sfun_registry.obj
 0001:000231c0       _ssSetInputPortMatrixDimensions 00000001800241c0 f   gif_model_sfun_registry.obj
 0001:000232d0       _ssSetOutputPortMatrixDimensions 00000001800242d0 f   gif_model_sfun_registry.obj
 0001:000233e0       _ssSetInputPortVectorDimension 00000001800243e0 f   gif_model_sfun_registry.obj
 0001:000234b0       _ssSetOutputPortVectorDimension 00000001800244b0 f   gif_model_sfun_registry.obj
 0001:00023580       ssIsRunTimeParamTunable    0000000180024580 f   gif_model_sfun_registry.obj
 0001:000235f0       ssGetSFuncBlockHandle      00000001800245f0 f   gif_model_sfun_registry.obj
 0001:00023660       _ssGetCurrentInputPortWidth 0000000180024660 f   gif_model_sfun_registry.obj
 0001:00023780       _ssGetCurrentOutputPortWidth 0000000180024780 f   gif_model_sfun_registry.obj
 0001:000238a0       _ssGetCallSystemNumFcnCallDestinations 00000001800248a0 f   gif_model_sfun_registry.obj
 0001:00023910       ssWarning                  0000000180024910 f   gif_model_sfun_registry.obj
 0001:00023a20       ssGetIsZeroCrossControlDisabled 0000000180024a20 f   gif_model_sfun_registry.obj
 0001:00023a90       ssSetIsInputPortUsedForContZcSignal 0000000180024a90 f   gif_model_sfun_registry.obj
 0001:00023b00       ssSetZcSignalIsZcElementDisc 0000000180024b00 f   gif_model_sfun_registry.obj
 0001:00023bb0       ssSetZcSignalName          0000000180024bb0 f   gif_model_sfun_registry.obj
 0001:00023c20       ssSetZcSignalWidth         0000000180024c20 f   gif_model_sfun_registry.obj
 0001:00023c90       ssSetZcSignalZcEventType   0000000180024c90 f   gif_model_sfun_registry.obj
 0001:00023d00       ssSetZcSignalType          0000000180024d00 f   gif_model_sfun_registry.obj
 0001:00023d70       ssSetZcSignalZcTol         0000000180024d70 f   gif_model_sfun_registry.obj
 0001:00023de0       ssSetZcSignalNeedsEventNotification 0000000180024de0 f   gif_model_sfun_registry.obj
 0001:00023e50       ssCreateAndAddZcSignalInfo 0000000180024e50 f   gif_model_sfun_registry.obj
 0001:00023ec0       ssCloneAndAddZcSignalInfo  0000000180024ec0 f   gif_model_sfun_registry.obj
 0001:00023f30       ssGetNumZcSignals          0000000180024f30 f   gif_model_sfun_registry.obj
 0001:00023fa0       ssGetZcSignalVector        0000000180024fa0 f   gif_model_sfun_registry.obj
 0001:00024010       ssGetZcSignalZcEvents      0000000180025010 f   gif_model_sfun_registry.obj
 0001:00024080       ssGetZcSignalName          0000000180025080 f   gif_model_sfun_registry.obj
 0001:000240f0       ssGetZcSignalWidth         00000001800250f0 f   gif_model_sfun_registry.obj
 0001:00024160       ssGetZcSignalZcEventType   0000000180025160 f   gif_model_sfun_registry.obj
 0001:000241d0       ssGetZcSignalType          00000001800251d0 f   gif_model_sfun_registry.obj
 0001:00024240       ssGetZcSignalZcTol         0000000180025240 f   gif_model_sfun_registry.obj
 0001:000242c0       ssGetZcSignalNeedsEventNotification 00000001800252c0 f   gif_model_sfun_registry.obj
 0001:00024330       ssGetZcSignalIsZcElementDisc 0000000180025330 f   gif_model_sfun_registry.obj
 0001:000243d0       ssGetIsInputPortElementContinuous 00000001800253d0 f   gif_model_sfun_registry.obj
 0001:00024470       _ssGetInputPortSignalPtrsFcn 0000000180025470 f   gif_model_sfun_registry.obj
 0001:00024730       _ssGetInputPortSignalFcn   0000000180025730 f   gif_model_sfun_registry.obj
 0001:00024950       _ssSetInputPortDirectFeedThroughFcn 0000000180025950 f   gif_model_sfun_registry.obj
 0001:00024ab0       _ssSetInputPortReusableFcn 0000000180025ab0 f   gif_model_sfun_registry.obj
 0001:00024ba0       _ssSetOutputPortReusableFcn 0000000180025ba0 f   gif_model_sfun_registry.obj
 0001:00024c80       ssGetDTypeIdFromMxArray    0000000180025c80 f   gif_model_sfun_registry.obj
 0001:00024da0       ssWriteRTWStr              0000000180025da0 f   gif_model_sfun_registry.obj
 0001:00024e00       ssWriteRTWMxVectParam      0000000180025e00 f   gif_model_sfun_registry.obj
 0001:00024e60       ssWriteRTWMx2dMatParam     0000000180025e60 f   gif_model_sfun_registry.obj
 0001:00024ee0       ssWriteRTWNameValuePair    0000000180025ee0 f   gif_model_sfun_registry.obj
 0001:000253d0       ssWriteRTWParameters       00000001800263d0 f   gif_model_sfun_registry.obj
 0001:000259d0       ssWriteRTWParamSettings    00000001800269d0 f   gif_model_sfun_registry.obj
 0001:000260a0       ssWriteRTWWorkVect         00000001800270a0 f   gif_model_sfun_registry.obj
 0001:000265a0       mexFunction                00000001800275a0 f   gif_model_sfun_registry.obj
 0001:000282d0       ProcessMexSfunctionEveryCall 00000001800292d0 f   gif_model_sfun_registry.obj
 0001:00028440       gif_model_initializer      0000000180029440 f   gif_model_sfun.obj
 0001:00028450       gif_model_terminator       0000000180029450 f   gif_model_sfun.obj
 0001:00028460       sf_gif_model_method_dispatcher 0000000180029460 f   gif_model_sfun.obj
 0001:000285a0       sf_gif_model_process_check_sum_call 00000001800295a0 f   gif_model_sfun.obj
 0001:00028a60       sf_gif_model_autoinheritance_info 0000000180029a60 f   gif_model_sfun.obj
 0001:00028e00       sf_gif_model_get_eml_resolved_functions_info 0000000180029e00 f   gif_model_sfun.obj
 0001:00029100       sf_gif_model_third_party_uses_info 000000018002a100 f   gif_model_sfun.obj
 0001:000293c0       gif_model_debug_initialize 000000018002a3c0 f   gif_model_sfun.obj
 0001:00029440       gif_model_register_exported_symbols 000000018002a440 f   gif_model_sfun.obj
 0001:00029450       load_gif_model_optimization_info 000000018002a450 f   gif_model_sfun.obj
 0001:000294a0       unload_gif_model_optimization_info 000000018002a4a0 f   gif_model_sfun.obj
 0001:000295c0       sf_mex_mx_is_numeric       000000018002a5c0 f   sfc_mex:sfc_mex.obj
 0001:00029600       strcmp_ignore_ws           000000018002a600 f   sfc_mex:sfc_mex.obj
 0001:00029740       sf_mex_duplicatearraysafe  000000018002a740 f   sfc_mex:sfc_mex.obj
 0001:000298a0       sf_set_error_debugger_context_message_fcn 000000018002a8a0 f   sfc_mex:sfc_mex.obj
 0001:000298b0       sf_set_debugger_matlab_error_fcn 000000018002a8b0 f   sfc_mex:sfc_mex.obj
 0001:000298f0       sf_set_error_prefix_string 000000018002a8f0 f   sfc_mex:sfc_mex.obj
 0001:00029920       sf_get_error_prefix_string 000000018002a920 f   sfc_mex:sfc_mex.obj
 0001:00029930       sf_mex_enter_parallel_region 000000018002a930 f   sfc_mex:sfc_mex.obj
 0001:00029940       sf_mex_exit_parallel_region 000000018002a940 f   sfc_mex:sfc_mex.obj
 0001:00029950       sf_get_current_jmp_buf_ptr 000000018002a950 f   sfc_mex:sfc_mex.obj
 0001:00029960       sf_set_current_jmp_buf_ptr 000000018002a960 f   sfc_mex:sfc_mex.obj
 0001:00029970       sf_mex_set_halt_simulation 000000018002a970 f   sfc_mex:sfc_mex.obj
 0001:00029980       sf_mex_get_halt_simulation 000000018002a980 f   sfc_mex:sfc_mex.obj
 0001:00029990       sf_mex_clear_error_message 000000018002a990 f   sfc_mex:sfc_mex.obj
 0001:000299b0       sf_mex_get_error_message_for_read 000000018002a9b0 f   sfc_mex:sfc_mex.obj
 0001:000299c0       sf_mex_get_error_message_buffer_length 000000018002a9c0 f   sfc_mex:sfc_mex.obj
 0001:00029aa0       sf_mex_warning_message     000000018002aaa0 f   sfc_mex:sfc_mex.obj
 0001:00029b10       sf_mex_v_errbuf_createf    000000018002ab10 f   sfc_mex:sfc_mex.obj
 0001:00029b20       sf_mex_errbuf_createf      000000018002ab20 f   sfc_mex:sfc_mex.obj
 0001:00029b50       sf_mex_v_errbuf_catf       000000018002ab50 f   sfc_mex:sfc_mex.obj
 0001:00029b90       sf_mex_errbuf_catf         000000018002ab90 f   sfc_mex:sfc_mex.obj
 0001:00029be0       sf_mex_errbuf_copy         000000018002abe0 f   sfc_mex:sfc_mex.obj
 0001:00029bf0       sf_mex_errbuf_clear        000000018002abf0 f   sfc_mex:sfc_mex.obj
 0001:00029c00       sf_mex_errbuf_isempty      000000018002ac00 f   sfc_mex:sfc_mex.obj
 0001:00029d00       sf_mex_set_error_status    000000018002ad00 f   sfc_mex:sfc_mex.obj
 0001:00029d50       sf_mex_error_direct_call   000000018002ad50 f   sfc_mex:sfc_mex.obj
 0001:00029d70       sf_mex_error_message_no_long_jump 000000018002ad70 f   sfc_mex:sfc_mex.obj
 0001:00029d90       sf_mex_long_jump_on_error  000000018002ad90 f   sfc_mex:sfc_mex.obj
 0001:00029dc0       sf_mex_call_matlab         000000018002adc0 f   sfc_mex:sfc_mex.obj
 0001:00029ee0       sf_mex_check_builtin       000000018002aee0 f   sfc_mex:sfc_mex.obj
 0001:00029f80       sf_mex_check_builtin_vs    000000018002af80 f   sfc_mex:sfc_mex.obj
 0001:0002a040       sf_mex_check_enum          000000018002b040 f   sfc_mex:sfc_mex.obj
 0001:0002a0c0       sf_mex_create_enum         000000018002b0c0 f   sfc_mex:sfc_mex.obj
 0001:0002a130       sf_mex_get_enum_element    000000018002b130 f   sfc_mex:sfc_mex.obj
 0001:0002a140       sf_mex_createcellarray     000000018002b140 f   sfc_mex:sfc_mex.obj
 0001:0002a150       sf_mex_setcell             000000018002b150 f   sfc_mex:sfc_mex.obj
 0001:0002a160       sf_mex_getcell             000000018002b160 f   sfc_mex:sfc_mex.obj
 0001:0002a170       sf_mex_dup                 000000018002b170 f   sfc_mex:sfc_mex.obj
 0001:0002a190       sf_mex_assign              000000018002b190 f   sfc_mex:sfc_mex.obj
 0001:0002a210       sf_mex_destroy             000000018002b210 f   sfc_mex:sfc_mex.obj
 0001:0002a240       mx_array_has_fi_type       000000018002b240 f   sfc_mex:sfc_mex.obj
 0001:0002a270       sf_mex_convert_from_fi     000000018002b270 f   sfc_mex:sfc_mex.obj
 0001:0002a3a0       sf_mex_convert_to_double   000000018002b3a0 f   sfc_mex:sfc_mex.obj
 0001:0002a4c0       sf_mex_import_fi_vs        000000018002b4c0 f   sfc_mex:sfc_mex.obj
 0001:0002a6f0       sf_matrix_matrix_index_ok  000000018002b6f0 f   sfc_mex:sfc_mex.obj
 0001:0002a780       sf_vector_vector_index_ok  000000018002b780 f   sfc_mex:sfc_mex.obj
 0001:0002a7b0       ssGetCurrentInputPortDimensions_wrapper 000000018002b7b0 f   sfc_mex:sfc_mex.obj
 0001:0002a7d0       ssGetCurrentOutputPortDimensions_wrapper 000000018002b7d0 f   sfc_mex:sfc_mex.obj
 0001:0002a7f0       sf_mex_emlrt_context_is_debug_mode 000000018002b7f0 f   sfc_mex:sfc_mex.obj
 0001:0002a800       sf_mex_emlrt_context_set_debug_mode 000000018002b800 f   sfc_mex:sfc_mex.obj
 0001:0002a810       sf_mex_emlrtNameCapturePostProcessR2012a 000000018002b810 f   sfc_mex:sfc_mex.obj
 0001:0002a880       sf_clear_error_manager_info 000000018002b880 f   sfc_mex:sfc_mex.obj
 0001:0002a8e0       sf_mex_stop_simulation_abruptly_wo_error 000000018002b8e0 f   sfc_mex:sfc_mex.obj
 0001:0002a920       sf_mex_error_message       000000018002b920 f   sfc_mex:sfc_mex.obj
 0001:0002a990       sf_react_to_error_in_matlab_call 000000018002b990 f   sfc_mex:sfc_mex.obj
 0001:0002a9c0       sf_mex_addfield            000000018002b9c0 f   sfc_mex:sfc_mex.obj
 0001:0002aa60       sf_mex_getfield            000000018002ba60 f   sfc_mex:sfc_mex.obj
 0001:0002ad60       sf_mex_check_class         000000018002bd60 f   sfc_mex:sfc_mex.obj
 0001:0002ae00       sf_mex_is_real             000000018002be00 f   sfc_mex:sfc_mex.obj
 0001:0002b270       sf_mex_decode_encoded_mx_struct_array 000000018002c270 f   sfc_mex:sfc_mex.obj
 0001:0002b560       sf_mex_lw_bounds_check     000000018002c560 f   sfc_mex:sfc_mex.obj
 0001:0002b590       sf_mex_lw_size_eq_check_1d 000000018002c590 f   sfc_mex:sfc_mex.obj
 0001:0002b5b0       sf_mex_lw_size_eq_check_nd 000000018002c5b0 f   sfc_mex:sfc_mex.obj
 0001:0002b790       sf_mex_lw_dim_size_eq_check 000000018002c790 f   sfc_mex:sfc_mex.obj
 0001:0002b7c0       sf_mex_lw_dim_size_geq_check 000000018002c7c0 f   sfc_mex:sfc_mex.obj
 0001:0002b7f0       sf_mex_lw_sub_assign_size_check_nd 000000018002c7f0 f   sfc_mex:sfc_mex.obj
 0001:0002b9c0       sf_mex_lw_runtime_error_msgid 000000018002c9c0 f   sfc_mex:sfc_mex.obj
 0001:0002bab0       sf_mex_lw_matrix_matrix_index_check 000000018002cab0 f   sfc_mex:sfc_mex.obj
 0001:0002bad0       sf_mex_lw_vector_vector_index_check 000000018002cad0 f   sfc_mex:sfc_mex.obj
 0001:0002bb10       sf_mex_lw_for_loop_vector_check 000000018002cb10 f   sfc_mex:sfc_mex.obj
 0001:0002bba0       sf_mex_lw_non_negative_check 000000018002cba0 f   sfc_mex:sfc_mex.obj
 0001:0002bbe0       sf_mex_overflow_error      000000018002cbe0 f   sfc_mex:sfc_mex.obj
 0001:0002bbf0       sf_mex_dividebyzero_error  000000018002cbf0 f   sfc_mex:sfc_mex.obj
 0001:0002bc00       sf_mex_unsafe_enum_error   000000018002cc00 f   sfc_mex:sfc_mex.obj
 0001:0002bc10       sf_emlrtErrHandler         000000018002cc10 f   sfc_mex:sfc_mex.obj
 0001:0002bcf0       sf_mex_size_one_check      000000018002ccf0 f   sfc_mex:sfc_mex.obj
 0001:0002bd10       sf_mex_printf              000000018002cd10 f   sfc_mex:sfc_mex.obj
 0001:0002bee0       sf_mex_check_size          000000018002cee0 f   sfc_mex:sfc_mex.obj
 0001:0002c180       sf_mex_check_struct        000000018002d180 f   sfc_mex:sfc_mex.obj
 0001:0002c3e0       sf_mex_check_struct_vs     000000018002d3e0 f   sfc_mex:sfc_mex.obj
 0001:0002c470       sf_mex_check_fi            000000018002d470 f   sfc_mex:sfc_mex.obj
 0001:0002c570       sf_mex_check_fi_vs         000000018002d570 f   sfc_mex:sfc_mex.obj
 0001:0002c610       sf_echo_expression         000000018002d610 f   sfc_mex:sfc_mex.obj
 0001:0002c670       sf_assertion_failed        000000018002d670 f   sfc_mex:sfc_mex.obj
 0001:0002c950       sf_mex_evalin              000000018002d950 f   sfc_mex:sfc_mex.obj
 0001:0002cbc0       sf_mex_export              000000018002dbc0 f   sfc_mex:sfc_mex.obj
 0001:0002cc80       sf_mex_get_ml_var_no_error 000000018002dc80 f   sfc_mex:sfc_mex.obj
 0001:0002ce20       sf_mex_get_ml_var          000000018002de20 f   sfc_mex:sfc_mex.obj
 0001:0002d2b0       ml_set_element_value_in_array 000000018002e2b0 f   sfc_mex:sfc_mex.obj
 0001:0002e370       sf_mex_call_impl           000000018002f370 f   sfc_mex:sfc_mex.obj
 0001:0002e790       sf_mex_call_debug          000000018002f790 f   sfc_mex:sfc_mex.obj
 0001:0002e7c0       sf_mex_call                000000018002f7c0 f   sfc_mex:sfc_mex.obj
 0001:0002ee10       sf_mex_createstruct        000000018002fe10 f   sfc_mex:sfc_mex.obj
 0001:0002ef20       sf_mex_createstructarray   000000018002ff20 f   sfc_mex:sfc_mex.obj
 0001:0002efa0       sf_mex_get_mx_datatype_from_sf_datatype 000000018002ffa0 f   sfc_mex:sfc_mex.obj
 0001:0002f2b0       sf_mex_ml_var_sub          00000001800302b0 f   sfc_mex:sfc_mex.obj
 0001:0002f490       sf_mex_ml_var_subsasgn     0000000180030490 f   sfc_mex:sfc_mex.obj
 0001:0002f890       sf_mex_sub                 0000000180030890 f   sfc_mex:sfc_mex.obj
 0001:0002faa0       sf_mex_subsasgn            0000000180030aa0 f   sfc_mex:sfc_mex.obj
 0001:0002ffb0       sf_mex_create              0000000180030fb0 f   sfc_mex:sfc_mex.obj
 0001:00030950       sf_mex_import_named        0000000180031950 f   sfc_mex:sfc_mex.obj
 0001:000309b0       sf_mex_import              00000001800319b0 f   sfc_mex:sfc_mex.obj
 0001:00030a00       sf_mex_import_vs           0000000180031a00 f   sfc_mex:sfc_mex.obj
 0001:00030b10       sf_mex_lower_fixpt_mx_array 0000000180031b10 f   sfc_mex:sfc_mex.obj
 0001:00030e10       sf_send_message_wrapper    0000000180031e10 f   sfc_mex:sfc_sf.obj
 0001:00030e40       sf_receive_message_wrapper 0000000180031e40 f   sfc_mex:sfc_sf.obj
 0001:00030e80       sf_check_out_message_wrapper 0000000180031e80 f   sfc_mex:sfc_sf.obj
 0001:00030ec0       sf_check_in_message_wrapper 0000000180031ec0 f   sfc_mex:sfc_sf.obj
 0001:00030f00       sf_no_message_wrapper      0000000180031f00 f   sfc_mex:sfc_sf.obj
 0001:00031290       sim_mode_is_rtw_gen        0000000180032290 f   sfc_mex:sfc_sf.obj
 0001:000312c0       sim_mode_is_external       00000001800322c0 f   sfc_mex:sfc_sf.obj
 0001:000312d0       sim_mode_is_modelref_sim   00000001800322d0 f   sfc_mex:sfc_sf.obj
 0001:000312f0       mdlInitializeSizes         00000001800322f0 f   sfc_mex:sfc_sf.obj
 0001:00031310       mdlInitializeSampleTimes   0000000180032310 f   sfc_mex:sfc_sf.obj
 0001:00031350       mdlZeroCrossings           0000000180032350 f   sfc_mex:sfc_sf.obj
 0001:00031440       mdlDerivatives             0000000180032440 f   sfc_mex:sfc_sf.obj
 0001:00031500       mdl_initialize_conditions_processing 0000000180032500 f   sfc_mex:sfc_sf.obj
 0001:00031530       mdlInitializeConditions    0000000180032530 f   sfc_mex:sfc_sf.obj
 0001:000315f0       mdlGetSimState             00000001800325f0 f   sfc_mex:sfc_sf.obj
 0001:00031600       mdlSetSimState             0000000180032600 f   sfc_mex:sfc_sf.obj
 0001:00031610       mdl_ext_mode_exec_processing 0000000180032610 f   sfc_mex:sfc_sf.obj
 0001:00031630       mdlExtModeExec             0000000180032630 f   sfc_mex:sfc_sf.obj
 0001:000317d0       mdlTerminate               00000001800327d0 f   sfc_mex:sfc_sf.obj
 0001:00031840       mdlRTW                     0000000180032840 f   sfc_mex:sfc_sf.obj
 0001:00031870       mdlSetWorkWidths           0000000180032870 f   sfc_mex:sfc_sf.obj
 0001:00031880       mdlProcessParameters       0000000180032880 f   sfc_mex:sfc_sf.obj
 0001:00031890       mdl_start_processing       0000000180032890 f   sfc_mex:sfc_sf.obj
 0001:000318f0       mdlStart                   00000001800328f0 f   sfc_mex:sfc_sf.obj
 0001:00031a00       mdlEnable                  0000000180032a00 f   sfc_mex:sfc_sf.obj
 0001:00031ae0       mdlDisable                 0000000180032ae0 f   sfc_mex:sfc_sf.obj
 0001:00031ba0       sf_get_chart_instance_ptr  0000000180032ba0 f   sfc_mex:sfc_sf.obj
 0001:00031bc0       sf_load_rtw_optimization_info 0000000180032bc0 f   sfc_mex:sfc_sf.obj
 0001:00031c90       sf_update_buildInfo        0000000180032c90 f   sfc_mex:sfc_sf.obj
 0001:00031d90       sf_rtw_info_uint_prop      0000000180032d90 f   sfc_mex:sfc_sf.obj
 0001:00031ed0       sf_is_chart_inlinable      0000000180032ed0 f   sfc_mex:sfc_sf.obj
 0001:00031ef0       sf_mark_output_events_with_multiple_callers 0000000180032ef0 f   sfc_mex:sfc_sf.obj
 0001:00032080       sf_mark_chart_reusable_outputs 0000000180033080 f   sfc_mex:sfc_sf.obj
 0001:000322e0       sf_mark_chart_expressionable_inputs 00000001800332e0 f   sfc_mex:sfc_sf.obj
 0001:00032540       sf_get_subchart_simstruct  0000000180033540 f   sfc_mex:sfc_sf.obj
 0001:00032590       sf_get_fixpt_data_type_id  0000000180033590 f   sfc_mex:sfc_sf.obj
 0001:000325d0       sf_get_enum_data_type_id   00000001800335d0 f   sfc_mex:sfc_sf.obj
 0001:00032610       sf_get_param_data_type_id  0000000180033610 f   sfc_mex:sfc_sf.obj
 0001:00032640       sf_mex_listen_for_ctrl_c_force 0000000180033640 f   sfc_mex:sfc_sf.obj
 0001:00032750       sf_mex_draw_now            0000000180033750 f   sfc_mex:sfc_sf.obj
 0001:00032790       sf_mex_set_debugger_sim_status_listener_fcn 0000000180033790 f   sfc_mex:sfc_sf.obj
 0001:000327a0       sf_mex_listen_for_ctrl_c   00000001800337a0 f   sfc_mex:sfc_sf.obj
 0001:00032840       sf_mex_get_sfun_param      0000000180033840 f   sfc_mex:sfc_sf.obj
 0001:00032890       sf_get_runtime_param_data  0000000180033890 f   sfc_mex:sfc_sf.obj
 0001:000328d0       sf_call_output_fcn_call    00000001800338d0 f   sfc_mex:sfc_sf.obj
 0001:00032a10       sf_call_output_fcn_enable  0000000180033a10 f   sfc_mex:sfc_sf.obj
 0001:00032aa0       sf_call_output_fcn_disable 0000000180033aa0 f   sfc_mex:sfc_sf.obj
 0001:00032b30       sf_clear_rtw_identifier    0000000180033b30 f   sfc_mex:sfc_sf.obj
 0001:00033350       sf_set_encoded_dwork_info  0000000180034350 f   sfc_mex:sfc_sf.obj
 0001:000333a0       sf_get_dwork_info_from_mat_file 00000001800343a0 f   sfc_mex:sfc_sf.obj
 0001:00033560       sf_set_rtw_dwork_info      0000000180034560 f   sfc_mex:sfc_sf.obj
 0001:000336d0       mdlOutputs                 00000001800346d0 f   sfc_mex:sfc_sf.obj
 0001:000337f0       sf_debug_chart_instance_initialized_quick 00000001800347f0 f   sfc_debug:sfcdebug.obj
 0001:00033870       sf_debug_disp              0000000180034870 f   sfc_debug:sfcdebug.obj
 0001:00033b40       sf_debug_data_runtime_size_mismatch_error_check 0000000180034b40 f   sfc_debug:sfcdebug.obj
 0001:00033bf0       sf_debug_try_loading_machine 0000000180034bf0 f   sfc_debug:sfcdebug.obj
 0001:00033cf0       sf_debug_reset_current_state_configuration 0000000180034cf0 f   sfc_debug:sfcdebug.obj
 0001:00033d70       sf_debug_store_current_state_configuration 0000000180034d70 f   sfc_debug:sfcdebug.obj
 0001:00033df0       sf_debug_restore_previous_state_configuration 0000000180034df0 f   sfc_debug:sfcdebug.obj
 0001:00033e70       sf_debug_restore_previous_state_configuration2 0000000180034e70 f   sfc_debug:sfcdebug.obj
 0001:00033ef0       sf_debug_get_event_scope   0000000180034ef0 f   sfc_debug:sfcdebug.obj
 0001:00034060       use_debugger_step_animation 0000000180035060 f   sfc_debug:sfcdebug.obj
 0001:00034080       sf_debug_get_script_id     0000000180035080 f   sfc_debug:sfcdebug.obj
 0001:00034110       sf_debug_set_script_translation 0000000180035110 f   sfc_debug:sfcdebug.obj
 0001:00034290       sf_debug_extract_message_post_receive_info 0000000180035290 f   sfc_debug:sfcdebug.obj
 0001:00034450       sf_debug_get_current_machine_id 0000000180035450 f   sfc_debug:sfcdebug.obj
 0001:00034470       sf_debug_get_current_optional_integer 0000000180035470 f   sfc_debug:sfcdebug.obj
 0001:00034480       sf_debug_get_current_machine_number 0000000180035480 f   sfc_debug:sfcdebug.obj
 0001:000344a0       sf_debug_get_current_machine_name 00000001800354a0 f   sfc_debug:sfcdebug.obj
 0001:000344c0       sf_debug_get_current_chart_id 00000001800354c0 f   sfc_debug:sfcdebug.obj
 0001:00034500       sf_debug_get_current_chart_number 0000000180035500 f   sfc_debug:sfcdebug.obj
 0001:00034510       sf_debug_get_current_instance_number 0000000180035510 f   sfc_debug:sfcdebug.obj
 0001:00034520       sf_debug_get_current_is_minor_time_step 0000000180035520 f   sfc_debug:sfcdebug.obj
 0001:000345a0       sf_debug_get_current_object_type 00000001800355a0 f   sfc_debug:sfcdebug.obj
 0001:000345b0       sf_debug_get_current_instance_handle 00000001800355b0 f   sfc_debug:sfcdebug.obj
 0001:00034610       sf_debug_get_current_event_type 0000000180035610 f   sfc_debug:sfcdebug.obj
 0001:00034620       sf_debug_get_current_object_id 0000000180035620 f   sfc_debug:sfcdebug.obj
 0001:00034660       sf_debug_get_current_active_event_type 0000000180035660 f   sfc_debug:sfcdebug.obj
 0001:00034670       sf_debug_get_current_active_event_id 0000000180035670 f   sfc_debug:sfcdebug.obj
 0001:000346b0       sf_debug_get_current_tag_type 00000001800356b0 f   sfc_debug:sfcdebug.obj
 0001:000346c0       sf_debug_get_current_simulation_time 00000001800356c0 f   sfc_debug:sfcdebug.obj
 0001:000346d0       sf_debug_get_current_coverage_percentage 00000001800356d0 f   sfc_debug:sfcdebug.obj
 0001:000346e0       sf_debug_current_statement_context 00000001800356e0 f   sfc_debug:sfcdebug.obj
 0001:00034760       sf_debug_get_current_statement_info 0000000180035760 f   sfc_debug:sfcdebug.obj
 0001:00034900       sf_debug_terminate_instance 0000000180035900 f   sfc_debug:sfcdebug.obj
 0001:00034c20       sf_debug_assertion_failed  0000000180035c20 f   sfc_debug:sfcdebug.obj
 0001:00034df0       sf_debug_create_debug_instance_struct 0000000180035df0 f   sfc_debug:sfcdebug.obj
 0001:00034e40       sf_debug_set_number_of_data_with_change_event_for_machine 0000000180035e40 f   sfc_debug:sfcdebug.obj
 0001:00034e90       sf_debug_set_machine_event_thresholds 0000000180035e90 f   sfc_debug:sfcdebug.obj
 0001:00034eb0       sf_debug_set_machine_event_scope 0000000180035eb0 f   sfc_debug:sfcdebug.obj
 0001:00034f00       sf_debug_set_machine_data_thresholds 0000000180035f00 f   sfc_debug:sfcdebug.obj
 0001:00034f50       sf_debug_set_machine_data_scope 0000000180035f50 f   sfc_debug:sfcdebug.obj
 0001:00034ff0       sf_debug_set_machine_data_name 0000000180035ff0 f   sfc_debug:sfcdebug.obj
 0001:000350a0       sf_debug_set_machine_data_size 00000001800360a0 f   sfc_debug:sfcdebug.obj
 0001:000351f0       sf_debug_set_machine_data_type 00000001800361f0 f   sfc_debug:sfcdebug.obj
 0001:00035360       sf_debug_get_chart_data_number 0000000180036360 f   sfc_debug:sfcdebug.obj
 0001:00035380       sf_debug_get_chart_event_number 0000000180036380 f   sfc_debug:sfcdebug.obj
 0001:000353a0       sf_debug_set_chart_state_info 00000001800363a0 f   sfc_debug:sfcdebug.obj
 0001:00035430       sf_debug_set_chart_decomposition 0000000180036430 f   sfc_debug:sfcdebug.obj
 0001:000354a0       sf_debug_set_chart_substate_count 00000001800364a0 f   sfc_debug:sfcdebug.obj
 0001:00035580       sf_debug_set_chart_substate_index 0000000180036580 f   sfc_debug:sfcdebug.obj
 0001:00035600       sf_debug_set_chart_state_substate_count 0000000180036600 f   sfc_debug:sfcdebug.obj
 0001:00035720       sf_debug_set_chart_state_substate_index 0000000180036720 f   sfc_debug:sfcdebug.obj
 0001:000357b0       sf_debug_set_number_of_data_with_change_event_for_chart 00000001800367b0 f   sfc_debug:sfcdebug.obj
 0001:00035840       sf_debug_set_number_of_states_with_entry_event_for_chart 0000000180036840 f   sfc_debug:sfcdebug.obj
 0001:000358c0       sf_debug_set_number_of_states_with_exit_event_for_chart 00000001800368c0 f   sfc_debug:sfcdebug.obj
 0001:00035940       sf_debug_set_chart_disable_implicit_casting 0000000180036940 f   sfc_debug:sfcdebug.obj
 0001:000359b0       sf_debug_set_chart_event_thresholds 00000001800369b0 f   sfc_debug:sfcdebug.obj
 0001:00035a30       sf_debug_set_chart_data_compiled_props 0000000180036a30 f   sfc_debug:sfcdebug.obj
 0001:00035d70       sf_debug_set_chart_data_props 0000000180036d70 f   sfc_debug:sfcdebug.obj
 0001:00036090       sf_debug_check_fi_license  0000000180037090 f   sfc_debug:sfcdebug.obj
 0001:00036250       sf_debug_symbol_scope_push 0000000180037250 f   sfc_debug:sfcdebug.obj
 0001:00036290       sf_debug_symbol_scope_push_eml 0000000180037290 f   sfc_debug:sfcdebug.obj
 0001:000362e0       sf_debug_symbol_scope_pop  00000001800372e0 f   sfc_debug:sfcdebug.obj
 0001:00036320       sf_debug_symbol_scope_add_importable 0000000180037320 f   sfc_debug:sfcdebug.obj
 0001:000363a0       sf_debug_symbol_scope_add  00000001800373a0 f   sfc_debug:sfcdebug.obj
 0001:00036420       sf_debug_symbol_scope_add_dyn_importable 0000000180037420 f   sfc_debug:sfcdebug.obj
 0001:000364e0       sf_debug_symbol_scope_add_dyn 00000001800374e0 f   sfc_debug:sfcdebug.obj
 0001:00036520       sf_debug_symbol_scope_add_eml_importable 0000000180037520 f   sfc_debug:sfcdebug.obj
 0001:00036560       sf_debug_symbol_scope_add_eml 0000000180037560 f   sfc_debug:sfcdebug.obj
 0001:000365a0       sf_debug_symbol_scope_add_eml_dyn_importable 00000001800375a0 f   sfc_debug:sfcdebug.obj
 0001:00036600       sf_debug_symbol_scope_add_eml_dyn 0000000180037600 f   sfc_debug:sfcdebug.obj
 0001:00036660       sf_debug_symbol_switch     0000000180037660 f   sfc_debug:sfcdebug.obj
 0001:00036680       sf_debug_symbol_scope_add_verbose 0000000180037680 f   sfc_debug:sfcdebug.obj
 0001:00036750       sf_debug_set_machine_data_value_ptr 0000000180037750 f   sfc_debug:sfcdebug.obj
 0001:00036790       sf_debug_set_instance_data_value_ptr 0000000180037790 f   sfc_debug:sfcdebug.obj
 0001:00036860       sf_debug_unset_instance_data_value_ptr 0000000180037860 f   sfc_debug:sfcdebug.obj
 0001:00036910       sf_debug_set_chart_event_scope 0000000180037910 f   sfc_debug:sfcdebug.obj
 0001:00036990       sf_debug_set_chart_transition_coverage_maps 0000000180037990 f   sfc_debug:sfcdebug.obj
 0001:00036a90       sf_debug_set_chart_state_coverage_maps 0000000180037a90 f   sfc_debug:sfcdebug.obj
 0001:00036b60       sf_debug_set_instance_transition_coverage_weights 0000000180037b60 f   sfc_debug:sfcdebug.obj
 0001:00036bf0       sf_debug_set_instance_state_coverage_weights 0000000180037bf0 f   sfc_debug:sfcdebug.obj
 0001:00036e40       sf_debug_unload_machine    0000000180037e40 f   sfc_debug:sfcdebug.obj
 0001:00036e90       sf_debug_load_machine      0000000180037e90 f   sfc_debug:sfcdebug.obj
 0001:00036fa0       sf_debug_set_active_instance_in_data_dictionary 0000000180037fa0 f   sfc_debug:sfcdebug.obj
 0001:00037180       sf_debug_set_active_instance 0000000180038180 f   sfc_debug:sfcdebug.obj
 0001:000372e0       sf_debug_chart_visiblity_change 00000001800382e0 f   sfc_debug:sfcdebug.obj
 0001:000373d0       sf_debug_select_chart      00000001800383d0 f   sfc_debug:sfcdebug.obj
 0001:00037530       sf_debug_set_instance_cv_ids 0000000180038530 f   sfc_debug:sfcdebug.obj
 0001:00037860       sf_debug_select_charts     0000000180038860 f   sfc_debug:sfcdebug.obj
 0001:00037a10       sf_debug_initialized       0000000180038a10 f   sfc_debug:sfcdebug.obj
 0001:00037a30       sf_debug_is_uninterruptible 0000000180038a30 f   sfc_debug:sfcdebug.obj
 0001:00037a60       sf_debug_initialize_debugger_gui 0000000180038a60 f   sfc_debug:sfcdebug.obj
 0001:00037e40       sf_debug_resume            0000000180038e40 f   sfc_debug:sfcdebug.obj
 0001:00037e60       sf_debug_go                0000000180038e60 f   sfc_debug:sfcdebug.obj
 0001:00037e70       sf_debug_break             0000000180038e70 f   sfc_debug:sfcdebug.obj
 0001:00037e80       sf_debug_step_over         0000000180038e80 f   sfc_debug:sfcdebug.obj
 0001:00037e90       sf_debug_step_out          0000000180038e90 f   sfc_debug:sfcdebug.obj
 0001:00037ea0       sf_debug_set_disable_all_breakpoints 0000000180038ea0 f   sfc_debug:sfcdebug.obj
 0001:00037eb0       sf_debug_disable_all_breakpoints_and_go 0000000180038eb0 f   sfc_debug:sfcdebug.obj
 0001:00037ec0       sf_debug_break_on_chart_entry 0000000180038ec0 f   sfc_debug:sfcdebug.obj
 0001:00037ed0       sf_debug_break_on_event_broadcast 0000000180038ed0 f   sfc_debug:sfcdebug.obj
 0001:00037ee0       sf_debug_break_on_state_entry 0000000180038ee0 f   sfc_debug:sfcdebug.obj
 0001:00037ef0       sf_debug_break_between_times 0000000180038ef0 f   sfc_debug:sfcdebug.obj
 0001:00037f10       sf_debug_browse_data       0000000180038f10 f   sfc_debug:sfcdebug.obj
 0001:00037f20       sf_debug_watch_data        0000000180038f20 f   sfc_debug:sfcdebug.obj
 0001:00037f50       sf_debug_assign_data       0000000180038f50 f   sfc_debug:sfcdebug.obj
 0001:00037f60       sf_debug_whos              0000000180038f60 f   sfc_debug:sfcdebug.obj
 0001:00037f80       sf_debug_get_consistency_info 0000000180038f80 f   sfc_debug:sfcdebug.obj
 0001:00037f90       sf_debug_browse_trace      0000000180038f90 f   sfc_debug:sfcdebug.obj
 0001:00037fa0       sf_debug_set_breakpoints   0000000180038fa0 f   sfc_debug:sfcdebug.obj
 0001:00038110       sf_debug_set_eml_breakpoints 0000000180039110 f   sfc_debug:sfcdebug.obj
 0001:00038270       sf_debug_set_script_breakpoints 0000000180039270 f   sfc_debug:sfcdebug.obj
 0001:000382f0       sf_debug_add_script_breakpoints 00000001800392f0 f   sfc_debug:sfcdebug.obj
 0001:00038360       sf_debug_clear_script_breakpoints 0000000180039360 f   sfc_debug:sfcdebug.obj
 0001:000383d0       sf_debug_query_script_breakpoints 00000001800393d0 f   sfc_debug:sfcdebug.obj
 0001:00038480       sf_debug_get_eml_script_id 0000000180039480 f   sfc_debug:sfcdebug.obj
 0001:000384d0       sf_debug_set_watch         00000001800394d0 f   sfc_debug:sfcdebug.obj
 0001:000386f0       sf_debug_get_instance_handle 00000001800396f0 f   sfc_debug:sfcdebug.obj
 0001:00038780       sf_debug_get_active_states 0000000180039780 f   sfc_debug:sfcdebug.obj
 0001:00038790       sf_debug_set_honor_breakpoints 0000000180039790 f   sfc_debug:sfcdebug.obj
 0001:000387a0       sf_debug_get_animation     00000001800397a0 f   sfc_debug:sfcdebug.obj
 0001:000387b0       sf_debug_set_animation     00000001800397b0 f   sfc_debug:sfcdebug.obj
 0001:000387c0       sf_debug_animate           00000001800397c0 f   sfc_debug:sfcdebug.obj
 0001:000387e0       sf_debug_cycle_detection_check 00000001800397e0 f   sfc_debug:sfcdebug.obj
 0001:000387f0       sf_debug_data_range_check  00000001800397f0 f   sfc_debug:sfcdebug.obj
 0001:00038800       sf_debug_transition_conflict_check 0000000180039800 f   sfc_debug:sfcdebug.obj
 0001:00038810       sf_debug_state_consistency_check 0000000180039810 f   sfc_debug:sfcdebug.obj
 0001:00038820       sf_debug_data_range_check_enabled 0000000180039820 f   sfc_debug:sfcdebug.obj
 0001:00038840       sf_debug_transition_conflict_check_enabled 0000000180039840 f   sfc_debug:sfcdebug.obj
 0001:00038860       sf_debug_transition_conflict_check_begin 0000000180039860 f   sfc_debug:sfcdebug.obj
 0001:00038880       sf_debug_transition_conflict_check_end 0000000180039880 f   sfc_debug:sfcdebug.obj
 0001:000388a0       sf_debug_stop_debugging    00000001800398a0 f   sfc_debug:sfcdebug.obj
 0001:000388d0       sf_debug_is_cycle_detected 00000001800398d0 f   sfc_debug:sfcdebug.obj
 0001:000388e0       sf_debug_is_array_bounds_detected 00000001800398e0 f   sfc_debug:sfcdebug.obj
 0001:000388f0       sf_debug_get_state_vectors_data_size 00000001800398f0 f   sfc_debug:sfcdebug.obj
 0001:00038930       sf_debug_get_state_vectors_data 0000000180039930 f   sfc_debug:sfcdebug.obj
 0001:00038a40       sf_debug_set_state_vectors_data 0000000180039a40 f   sfc_debug:sfcdebug.obj
 0001:00038cd0       sf_debug_get_script_index  0000000180039cd0 f   sfc_debug:sfcdebug.obj
 0001:00038e60       sf_debug_add_script        0000000180039e60 f   sfc_debug:sfcdebug.obj
 0001:00038ff0       cv_eval_point              0000000180039ff0 f   sfc_debug:sfcdebug.obj
 0001:00039160       cv_eval_testobjective      000000018003a160 f   sfc_debug:sfcdebug.obj
 0001:00039270       sf_debug_cv_init_state     000000018003a270 f   sfc_debug:sfcdebug.obj
 0001:000393a0       sf_debug_cv_init_chart     000000018003a3a0 f   sfc_debug:sfcdebug.obj
 0001:00039490       sf_debug_cv_init_trans     000000018003a490 f   sfc_debug:sfcdebug.obj
 0001:000395a0       sf_debug_cv_init_saturation 000000018003a5a0 f   sfc_debug:sfcdebug.obj
 0001:000396a0       sf_debug_cv_init_testobjectives 000000018003a6a0 f   sfc_debug:sfcdebug.obj
 0001:00039880       cv_eml_init_script         000000018003a880 f   sfc_debug:sfcdebug.obj
 0001:000399a0       cv_eml_init_fcn            000000018003a9a0 f   sfc_debug:sfcdebug.obj
 0001:00039ab0       cv_eml_init_testobjective  000000018003aab0 f   sfc_debug:sfcdebug.obj
 0001:00039b90       cv_eml_init_saturation     000000018003ab90 f   sfc_debug:sfcdebug.obj
 0001:00039c60       cv_eml_init_if             000000018003ac60 f   sfc_debug:sfcdebug.obj
 0001:00039d40       cv_eml_init_for            000000018003ad40 f   sfc_debug:sfcdebug.obj
 0001:00039e10       cv_eml_init_while          000000018003ae10 f   sfc_debug:sfcdebug.obj
 0001:00039ee0       cv_eml_init_mcdc           000000018003aee0 f   sfc_debug:sfcdebug.obj
 0001:0003a000       cv_eml_init_switch         000000018003b000 f   sfc_debug:sfcdebug.obj
 0001:0003a100       cv_eml_eval                000000018003b100 f   sfc_debug:sfcdebug.obj
 0001:0003a1f0       sf_debug_bm_is_a_eml_breakpoint 000000018003b1f0 f   sfc_debug:sfcdebug.obj
 0001:0003a340       sf_debug_temporal_threshold 000000018003b340 f   sfc_debug:sfcdebug.obj
 0001:0003a6b0       sf_debug_transition_conflict_error 000000018003b6b0 f   sfc_debug:sfcdebug.obj
 0001:0003aa10       sf_debug_state_inconsistency_error 000000018003ba10 f   sfc_debug:sfcdebug.obj
 0001:0003ab30       sf_debug_check_for_state_inconsistency 000000018003bb30 f   sfc_debug:sfcdebug.obj
 0001:0003ab70       sf_debug_cycle_detecton_error 000000018003bb70 f   sfc_debug:sfcdebug.obj
 0001:0003b2c0       sf_debug_size_eq_check_1d  000000018003c2c0 f   sfc_debug:sfcdebug.obj
 0001:0003b2e0       sf_debug_size_eq_check_nd  000000018003c2e0 f   sfc_debug:sfcdebug.obj
 0001:0003b4e0       sf_debug_dim_size_eq_check 000000018003c4e0 f   sfc_debug:sfcdebug.obj
 0001:0003b510       sf_debug_dim_size_geq_check 000000018003c510 f   sfc_debug:sfcdebug.obj
 0001:0003b540       sf_debug_sub_assign_size_check_nd 000000018003c540 f   sfc_debug:sfcdebug.obj
 0001:0003b720       sf_debug_matrix_matrix_index_check 000000018003c720 f   sfc_debug:sfcdebug.obj
 0001:0003b770       sf_debug_vector_vector_index_check 000000018003c770 f   sfc_debug:sfcdebug.obj
 0001:0003b7c0       sf_debug_for_loop_vector_check 000000018003c7c0 f   sfc_debug:sfcdebug.obj
 0001:0003b860       sf_debug_runtime_error_msgid 000000018003c860 f   sfc_debug:sfcdebug.obj
 0001:0003b900       sf_debug_data_array_bounds_error_check 000000018003c900 f   sfc_debug:sfcdebug.obj
 0001:0003ba10       sf_debug_eml_data_array_bounds_error_check 000000018003ca10 f   sfc_debug:sfcdebug.obj
 0001:0003bed0       sf_debug_integer_check     000000018003ced0 f   sfc_debug:sfcdebug.obj
 0001:0003bfc0       sf_debug_not_nan_check     000000018003cfc0 f   sfc_debug:sfcdebug.obj
 0001:0003c090       sf_debug_non_negative_check 000000018003d090 f   sfc_debug:sfcdebug.obj
 0001:0003c160       sf_debug_overflow_detection 000000018003d160 f   sfc_debug:sfcdebug.obj
 0001:0003c7c0       sf_debug_cast_to_real32_T  000000018003d7c0 f   sfc_debug:sfcdebug.obj
 0001:0003c890       sf_debug_cast_to_int8_T    000000018003d890 f   sfc_debug:sfcdebug.obj
 0001:0003c960       sf_debug_cast_to_uint8_T   000000018003d960 f   sfc_debug:sfcdebug.obj
 0001:0003ca30       sf_debug_cast_to_int16_T   000000018003da30 f   sfc_debug:sfcdebug.obj
 0001:0003cb00       sf_debug_cast_to_uint16_T  000000018003db00 f   sfc_debug:sfcdebug.obj
 0001:0003cbd0       sf_debug_cast_to_int32_T   000000018003dbd0 f   sfc_debug:sfcdebug.obj
 0001:0003cca0       sf_debug_cast_to_uint32_T  000000018003dca0 f   sfc_debug:sfcdebug.obj
 0001:0003cd70       sf_debug_data_range_error  000000018003dd70 f   sfc_debug:sfcdebug.obj
 0001:0003d080       sf_debug_read_before_write_check 000000018003e080 f   sfc_debug:sfcdebug.obj
 0001:0003d4b0       sf_debug_data_range_error_wrapper_min_max 000000018003e4b0 f   sfc_debug:sfcdebug.obj
 0001:0003d5d0       sf_debug_data_range_error_wrapper_min 000000018003e5d0 f   sfc_debug:sfcdebug.obj
 0001:0003d6e0       sf_debug_data_range_error_wrapper_max 000000018003e6e0 f   sfc_debug:sfcdebug.obj
 0001:0003d7f0       sf_debug_data_range_wrapper 000000018003e7f0 f   sfc_debug:sfcdebug.obj
 0001:0003d8b0       sf_debug_set_current_status_info 000000018003e8b0 f   sfc_debug:sfcdebug.obj
 0001:0003dc50       sf_debug_register_message_post_receive_info 000000018003ec50 f   sfc_debug:sfcdebug.obj
 0001:0003dea0       sf_debug_call              000000018003eea0 f   sfc_debug:sfcdebug.obj
 0001:0003e800       sf_debug_initialize_machine 000000018003f800 f   sfc_debug:sfcdebug.obj
 0001:0003eab0       sf_debug_initialize_chart  000000018003fab0 f   sfc_debug:sfcdebug.obj
 0001:0003ef00       sf_debug_ensure_script     000000018003ff00 f   sfc_debug:sfcdebug.obj
 0001:0003efb0       cv_eval_saturation         000000018003ffb0 f   sfc_debug:sfcdebug.obj
 0001:0003f130       cv_saturation_accum        0000000180040130 f   sfc_debug:sfcdebug.obj
 0001:0003f270       cv_script_init_script      0000000180040270 f   sfc_debug:sfcdebug.obj
 0001:0003f360       cv_script_init_fcn         0000000180040360 f   sfc_debug:sfcdebug.obj
 0001:0003f420       cv_script_init_testobjective 0000000180040420 f   sfc_debug:sfcdebug.obj
 0001:0003f4e0       cv_script_init_saturation  00000001800404e0 f   sfc_debug:sfcdebug.obj
 0001:0003f590       cv_script_init_if          0000000180040590 f   sfc_debug:sfcdebug.obj
 0001:0003f650       cv_script_init_for         0000000180040650 f   sfc_debug:sfcdebug.obj
 0001:0003f700       cv_script_init_while       0000000180040700 f   sfc_debug:sfcdebug.obj
 0001:0003f7b0       cv_script_init_mcdc        00000001800407b0 f   sfc_debug:sfcdebug.obj
 0001:0003f8b0       cv_script_init_switch      00000001800408b0 f   sfc_debug:sfcdebug.obj
 0001:0003f990       cv_script_eval             0000000180040990 f   sfc_debug:sfcdebug.obj
 0001:0003fa60       eml_debug_line_call        0000000180040a60 f   sfc_debug:sfcdebug.obj
 0001:0003fc30       sf_debug_terminate         0000000180040c30 f   sfc_debug:sfcdebug.obj
 0001:0003fe40       sf_debug_set_script_cv_ids 0000000180040e40 f   sfc_debug:sfcdebug.obj
 0001:0003ff70       sf_debug_api               0000000180040f70 f   sfc_debug:sfc_api.obj
 0001:00041860       sf_debug_sm_terminate      0000000180042860 f   sfc_debug:sfdb_animation.obj
 0001:00041a10       sf_debug_reset_path_objects 0000000180042a10 f   sfc_debug:sfdb_animation.obj
 0001:00041a90       sf_debug_sm_reset_object_selection_status 0000000180042a90 f   sfc_debug:sfdb_animation.obj
 0001:00041b30       sf_debug_sm_reset_state_buffer 0000000180042b30 f   sfc_debug:sfdb_animation.obj
 0001:00041c00       sf_debug_sm_store_state_buffer 0000000180042c00 f   sfc_debug:sfdb_animation.obj
 0001:00041c80       sf_debug_sm_restore_state_buffer1 0000000180042c80 f   sfc_debug:sfdb_animation.obj
 0001:00041cf0       sf_debug_sm_restore_state_buffer2 0000000180042cf0 f   sfc_debug:sfdb_animation.obj
 0001:00041d60       sf_debug_sm_chart_active   0000000180042d60 f   sfc_debug:sfdb_animation.obj
 0001:00041db0       sf_debug_sm_select_active_objects 0000000180042db0 f   sfc_debug:sfdb_animation.obj
 0001:00042280       sf_debug_sm_is_chart_active 0000000180043280 f   sfc_debug:sfdb_animation.obj
 0001:000422c0       sf_debug_sm_is_state_active 00000001800432c0 f   sfc_debug:sfdb_animation.obj
 0001:00042500       sf_debug_sm_get_active_states 0000000180043500 f   sfc_debug:sfdb_animation.obj
 0001:00042ab0       sf_debug_sm_initialize_instance 0000000180043ab0 f   sfc_debug:sfdb_animation.obj
 0001:00042cc0       sf_debug_sm_change_object_selection_status 0000000180043cc0 f   sfc_debug:sfdb_animation.obj
 0001:00042f90       cv_create_interface        0000000180043f90 f   sfc_debug:cv_sfinterface.obj
 0001:000432a0       cv_init_trans              00000001800442a0 f   sfc_debug:cv_sfinterface.obj
 0001:000432f0       cv_init_saturation         00000001800442f0 f   sfc_debug:cv_sfinterface.obj
 0001:00043330       cv_init_testobjective      0000000180044330 f   sfc_debug:cv_sfinterface.obj
 0001:00043370       cv_init_state              0000000180044370 f   sfc_debug:cv_sfinterface.obj
 0001:000433e0       cv_init_chart              00000001800443e0 f   sfc_debug:cv_sfinterface.obj
 0001:00043430       cv_dec_update_call         0000000180044430 f   sfc_debug:cv_sfinterface.obj
 0001:00043470       cv_cond_update_call        0000000180044470 f   sfc_debug:cv_sfinterface.obj
 0001:000434b0       cv_saturation_update_call  00000001800444b0 f   sfc_debug:cv_sfinterface.obj
 0001:000434f0       cv_saturation_update_accum 00000001800444f0 f   sfc_debug:cv_sfinterface.obj
 0001:00043530       cv_testobjective_update_call 0000000180044530 f   sfc_debug:cv_sfinterface.obj
 0001:00043570       cv_sigrange_update         0000000180044570 f   sfc_debug:cv_sfinterface.obj
 0001:000435b0       cvsf_eml_eval              00000001800445b0 f   sfc_debug:cv_sfinterface.obj
 0001:00043690       cvsf_eml_init_script       0000000180044690 f   sfc_debug:cv_sfinterface.obj
 0001:00043720       cvsf_eml_init_fcn          0000000180044720 f   sfc_debug:cv_sfinterface.obj
 0001:00043780       cvsf_eml_init_testobjective 0000000180044780 f   sfc_debug:cv_sfinterface.obj
 0001:000437e0       cvsf_eml_init_saturation   00000001800447e0 f   sfc_debug:cv_sfinterface.obj
 0001:00043830       cvsf_eml_init_if           0000000180044830 f   sfc_debug:cv_sfinterface.obj
 0001:00043890       cvsf_eml_init_for          0000000180044890 f   sfc_debug:cv_sfinterface.obj
 0001:000438e0       cvsf_eml_init_while        00000001800448e0 f   sfc_debug:cv_sfinterface.obj
 0001:00043930       cvsf_eml_init_mcdc         0000000180044930 f   sfc_debug:cv_sfinterface.obj
 0001:000439c0       cvsf_eml_init_switch       00000001800449c0 f   sfc_debug:cv_sfinterface.obj
 0001:00043a30       cvsf_script_eval           0000000180044a30 f   sfc_debug:cv_sfinterface.obj
 0001:00043b10       cvsf_script_init_script    0000000180044b10 f   sfc_debug:cv_sfinterface.obj
 0001:00043ba0       cvsf_script_init_fcn       0000000180044ba0 f   sfc_debug:cv_sfinterface.obj
 0001:00043c00       cvsf_script_init_testobjective 0000000180044c00 f   sfc_debug:cv_sfinterface.obj
 0001:00043c60       cvsf_script_init_saturation 0000000180044c60 f   sfc_debug:cv_sfinterface.obj
 0001:00043cb0       cvsf_script_init_if        0000000180044cb0 f   sfc_debug:cv_sfinterface.obj
 0001:00043d10       cvsf_script_init_for       0000000180044d10 f   sfc_debug:cv_sfinterface.obj
 0001:00043d60       cvsf_script_init_while     0000000180044d60 f   sfc_debug:cv_sfinterface.obj
 0001:00043db0       cvsf_script_init_mcdc      0000000180044db0 f   sfc_debug:cv_sfinterface.obj
 0001:00043e40       cvsf_script_init_switch    0000000180044e40 f   sfc_debug:cv_sfinterface.obj
 0001:00043eb0       cv_destroy_interface       0000000180044eb0 f   sfc_debug:cv_sfinterface.obj
 0001:00043ed0       cv_create_instance_objects 0000000180044ed0 f   sfc_debug:cv_sfinterface.obj
 0001:00044340       cv_is_enabled              0000000180045340 f   sfc_debug:cv_sfinterface.obj
 0001:00044350       sf_debug_cv_initialize_script 0000000180045350 f   sfc_debug:cv_sfinterface.obj
 0001:000444e0       sf_debug_cv_initialize_instance 00000001800454e0 f   sfc_debug:cv_sfinterface.obj
 0001:00044870       sf_debug_cv_terminate_chart 0000000180045870 f   sfc_debug:cv_sfinterface.obj
 0001:00044990       cv_call_trans_test         0000000180045990 f   sfc_debug:cv_sfinterface.obj
 0001:000449a0       cv_call_sub_cond_test      00000001800459a0 f   sfc_debug:cv_sfinterface.obj
 0001:000449e0       sf_debug_st_initialize_machine 00000001800459e0 f   sfc_debug:sfdb_data_browse.obj
 0001:00044a90       sf_debug_st_initialize_instance 0000000180045a90 f   sfc_debug:sfdb_data_browse.obj
 0001:00044ca0       sf_debug_st_terminate      0000000180045ca0 f   sfc_debug:sfdb_data_browse.obj
 0001:00045040       sf_debug_st_set_data_value_ptr_in_machine 0000000180046040 f   sfc_debug:sfdb_data_browse.obj
 0001:000450d0       sf_debug_st_set_data_value_ptr_in_instance 00000001800460d0 f   sfc_debug:sfdb_data_browse.obj
 0001:000451b0       sf_debug_st_unset_data_value_ptr_in_machine 00000001800461b0 f   sfc_debug:sfdb_data_browse.obj
 0001:00045220       sf_debug_st_unset_data_value_ptr_in_instance 0000000180046220 f   sfc_debug:sfdb_data_browse.obj
 0001:000454e0       sf_debug_mx_value          00000001800464e0 f   sfc_debug:sfdb_data_browse.obj
 0001:00045540       sf_debug_mx_packed_vector  0000000180046540 f   sfc_debug:sfdb_data_browse.obj
 0001:00045620       sf_debug_mx_uint_vector    0000000180046620 f   sfc_debug:sfdb_data_browse.obj
 0001:000456d0       sf_debug_st_get_double_value_from_void_ptr_vector 00000001800466d0 f   sfc_debug:sfdb_data_browse.obj
 0001:000461b0       sf_debug_st_browse_data    00000001800471b0 f   sfc_debug:sfdb_data_browse.obj
 0001:000469f0       sf_debug_hm_initialize_instance 00000001800479f0 f   sfc_debug:sfdb_handle_management.obj
 0001:00046ed0       sf_debug_hm_get_object_id  0000000180047ed0 f   sfc_debug:sfdb_handle_management.obj
 0001:00047a80       sf_debug_hm_update_chart_visibility 0000000180048a80 f   sfc_debug:sfdb_handle_management.obj
 0001:00048c70       sf_debug_object_is_eml_function 0000000180049c70 f   sfc_debug:sfdb_handle_management.obj
 0001:00048ce0       sf_debug_hm_initialize_ids_in_machine 0000000180049ce0 f   sfc_debug:sfdb_handle_management.obj
 0001:00048e50       sf_debug_hm_initialize_ids_in_chart 0000000180049e50 f   sfc_debug:sfdb_handle_management.obj
 0001:00048f50       sf_debug_hm_initialize_chart 0000000180049f50 f   sfc_debug:sfdb_handle_management.obj
 0001:00049650       sf_debug_hm_terminate      000000018004a650 f   sfc_debug:sfdb_handle_management.obj
 0001:000496b0       sf_debug_hm_initialize_machine 000000018004a6b0 f   sfc_debug:sfdb_handle_management.obj
 0001:00049dd0       sf_debug_ss_initialize     000000018004add0 f   sfc_debug:sfdb_symbol_scope.obj
 0001:00049df0       sf_debug_ss_terminate      000000018004adf0 f   sfc_debug:sfdb_symbol_scope.obj
 0001:00049e80       sf_debug_ss_push_symbol_scope 000000018004ae80 f   sfc_debug:sfdb_symbol_scope.obj
 0001:00049f80       sf_debug_ss_push_symbol_scope_eml 000000018004af80 f   sfc_debug:sfdb_symbol_scope.obj
 0001:00049fe0       sf_debug_ss_pop_symbol_scope 000000018004afe0 f   sfc_debug:sfdb_symbol_scope.obj
 0001:0004a090       sf_debug_ss_add_symbol     000000018004b090 f   sfc_debug:sfdb_symbol_scope.obj
 0001:0004a200       sf_debug_ss_add_symbol_eml 000000018004b200 f   sfc_debug:sfdb_symbol_scope.obj
 0001:0004b100       sf_debug_ss_set_data_value 000000018004c100 f   sfc_debug:sfdb_symbol_scope.obj
 0001:0004b550       getInstanceNumber          000000018004c550 f   sfc_debug:sfdb_symbol_scope.obj
 0001:0004b620       sf_debug_ss_watch_data     000000018004c620 f   sfc_debug:sfdb_symbol_scope.obj
 0001:0004b810       sf_debug_ss_assign_data    000000018004c810 f   sfc_debug:sfdb_symbol_scope.obj
 0001:0004c220       get_data_entry_name        000000018004d220 f   sfc_debug:sfdb_symbol_scope.obj
 0001:0004c270       sf_debug_ss_whos           000000018004d270 f   sfc_debug:sfdb_symbol_scope.obj
 0001:0004c8c0       sf_debug_cc_initialize_chart 000000018004d8c0 f   sfc_debug:sfdb_coverage.obj
 0001:0004d2b0       sf_debug_cc_initialize_instance 000000018004e2b0 f   sfc_debug:sfdb_coverage.obj
 0001:0004dff0       sf_debug_cc_terminate      000000018004eff0 f   sfc_debug:sfdb_coverage.obj
 0001:0004e0e0       sf_debug_cc_set_transition_maps 000000018004f0e0 f   sfc_debug:sfdb_coverage.obj
 0001:0004e210       sf_debug_cc_set_state_maps 000000018004f210 f   sfc_debug:sfdb_coverage.obj
 0001:0004e2f0       sf_debug_cc_set_transition_weights 000000018004f2f0 f   sfc_debug:sfdb_coverage.obj
 0001:0004e5b0       sf_debug_cc_set_state_weights 000000018004f5b0 f   sfc_debug:sfdb_coverage.obj
 0001:0004e880       sf_debug_cc_mark_transition_guard 000000018004f880 f   sfc_debug:sfdb_coverage.obj
 0001:0004e910       sf_debug_cc_mark_transition_trigger 000000018004f910 f   sfc_debug:sfdb_coverage.obj
 0001:0004e9a0       sf_debug_cc_mark_transition_decision 000000018004f9a0 f   sfc_debug:sfdb_coverage.obj
 0001:0004ea10       sf_debug_cc_mark_transition_condition_action 000000018004fa10 f   sfc_debug:sfdb_coverage.obj
 0001:0004ea60       sf_debug_cc_mark_transition_transition_action 000000018004fa60 f   sfc_debug:sfdb_coverage.obj
 0001:0004eab0       sf_debug_cc_mark_state_entry 000000018004fab0 f   sfc_debug:sfdb_coverage.obj
 0001:0004eb00       sf_debug_cc_mark_state_during 000000018004fb00 f   sfc_debug:sfdb_coverage.obj
 0001:0004eb50       sf_debug_cc_mark_state_exit 000000018004fb50 f   sfc_debug:sfdb_coverage.obj
 0001:0004eba0       sf_debug_bm_clear_script_breakpoints 000000018004fba0 f   sfc_debug:sfdb_breakpoints.obj
 0001:0004ebd0       sf_debug_bm_set_script_breakpoint 000000018004fbd0 f   sfc_debug:sfdb_breakpoints.obj
 0001:0004ec50       sf_debug_bm_clear_single_script_breakpoint 000000018004fc50 f   sfc_debug:sfdb_breakpoints.obj
 0001:0004ecd0       sf_debug_bm_query_script_breakpoint 000000018004fcd0 f   sfc_debug:sfdb_breakpoints.obj
 0001:0004ed20       sf_debug_bm_initialize_scripts 000000018004fd20 f   sfc_debug:sfdb_breakpoints.obj
 0001:0004f3b0       sf_debug_bm_terminate      00000001800503b0 f   sfc_debug:sfdb_breakpoints.obj
 0001:0004f690       sf_debug_bm_remove_all_breakpoints_in_machine 0000000180050690 f   sfc_debug:sfdb_breakpoints.obj
 0001:0004f6f0       sf_debug_bm_remove_all_breakpoints_in_chart 00000001800506f0 f   sfc_debug:sfdb_breakpoints.obj
 0001:0004f840       sf_debug_bm_initialize_global_breakpoints 0000000180050840 f   sfc_debug:sfdb_breakpoints.obj
 0001:0004f9c0       sf_debug_bm_set_breakpoint 00000001800509c0 f   sfc_debug:sfdb_breakpoints.obj
 0001:0004ff80       sf_debug_bm_set_eml_breakpoint 0000000180050f80 f   sfc_debug:sfdb_breakpoints.obj
 0001:00050010       sf_debug_bm_initialize_machine_breakpoint_map 0000000180051010 f   sfc_debug:sfdb_breakpoints.obj
 0001:00050430       sf_debug_bm_is_a_breakpoint 0000000180051430 f   sfc_debug:sfdb_breakpoints.obj
 0001:00050950       sf_debug_bm_get_all_breakpoints_in_machine 0000000180051950 f   sfc_debug:sfdb_breakpoints.obj
 0001:00050c50       sf_debug_bm_get_all_breakpoints_in_chart 0000000180051c50 f   sfc_debug:sfdb_breakpoints.obj
 0001:000517e0       sf_debug_bm_initialize_machine 00000001800527e0 f   sfc_debug:sfdb_breakpoints.obj
 0001:000518b0       sf_debug_bm_initialize_chart 00000001800528b0 f   sfc_debug:sfdb_breakpoints.obj
 0001:00051ca0       sf_debug_sc_terminate      0000000180052ca0 f   sfc_debug:sfdb_state_consistency.obj
 0001:00051fc0       sf_debug_sc_is_chart_consistent 0000000180052fc0 f   sfc_debug:sfdb_state_consistency.obj
 0001:00052270       sf_debug_sc_get_consistency_error_info 0000000180053270 f   sfc_debug:sfdb_state_consistency.obj
 0001:00052680       sf_debug_tm_terminate      0000000180053680 f   sfc_debug:sfdb_call_stack.obj
 0001:00052730       sf_debug_tm_push_chart_instance 0000000180053730 f   sfc_debug:sfdb_call_stack.obj
 0001:00052870       sf_debug_tm_pop_chart_instance 0000000180053870 f   sfc_debug:sfdb_call_stack.obj
 0001:000528d0       sf_debug_tm_push_trace_node 00000001800538d0 f   sfc_debug:sfdb_call_stack.obj
 0001:00052a50       sf_debug_tm_pop_trace_node 0000000180053a50 f   sfc_debug:sfdb_call_stack.obj
 0001:00052ad0       sf_debug_tm_get_current_global_trace_index 0000000180053ad0 f   sfc_debug:sfdb_call_stack.obj
 0001:00052ae0       sf_debug_tm_get_current_local_trace_index 0000000180053ae0 f   sfc_debug:sfdb_call_stack.obj
 0001:00052b10       sf_debug_tm_set_cycle_detected_flag 0000000180053b10 f   sfc_debug:sfdb_call_stack.obj
 0001:00052b50       sf_debug_tm_set_cycle_started_flag 0000000180053b50 f   sfc_debug:sfdb_call_stack.obj
 0001:00052b90       sf_debug_tm_get_chart_number_from_stack 0000000180053b90 f   sfc_debug:sfdb_call_stack.obj
 0001:00052d90       sf_debug_tm_browse_trace   0000000180053d90 f   sfc_debug:sfdb_call_stack.obj
 0001:000530a0       sf_debug_cd_initialize_instance 00000001800540a0 f   sfc_debug:sfdb_cycle_detection.obj
 0001:00053350       sf_debug_cd_mark_processed_transition_in_instance 0000000180054350 f   sfc_debug:sfdb_cycle_detection.obj
 0001:000533f0       sf_debug_cd_checksum_push  00000001800543f0 f   sfc_debug:sfdb_cycle_detection.obj
 0001:000536a0       sf_debug_cd_checksum_pop   00000001800546a0 f   sfc_debug:sfdb_cycle_detection.obj
 0001:00053710       sf_debug_cd_turn_off_cycle_detection 0000000180054710 f   sfc_debug:sfdb_cycle_detection.obj
 0001:00053760       sf_debug_cd_terminate      0000000180054760 f   sfc_debug:sfdb_cycle_detection.obj
 0001:00053990       md5_initialize_state       0000000180054990 f   sfc_debug:ckmd5.obj
 0001:00054420       md5_update_state           0000000180055420 f   sfc_debug:ckmd5.obj
 0001:00054440       md5_get_hash               0000000180055440 f   sfc_debug:ckmd5.obj
 0001:00054470       md5_get_hash_for_a_single_string 0000000180055470 f   sfc_debug:ckmd5.obj
 0001:000544d0       mxGetPr                    00000001800554d0 f   libmx:libmx.dll
 0001:000544d6       mxCreateDoubleScalar       00000001800554d6 f   libmx:libmx.dll
 0001:000544dc       mxCreateDoubleMatrix_730   00000001800554dc f   libmx:libmx.dll
 0001:000544e2       mxSetField_730             00000001800554e2 f   libmx:libmx.dll
 0001:000544e8       mxCreateString             00000001800554e8 f   libmx:libmx.dll
 0001:000544ee       mxCreateStructMatrix_730   00000001800554ee f   libmx:libmx.dll
 0001:000544f4       mxCreateCellMatrix_730     00000001800554f4 f   libmx:libmx.dll
 0001:000544fa       mxDestroyArray             00000001800554fa f   libmx:libmx.dll
 0001:00054500       mxDuplicateArray           0000000180055500 f   libmx:libmx.dll
 0001:00054506       mxGetString_730            0000000180055506 f   libmx:libmx.dll
 0001:0005450c       mxIsChar                   000000018005550c f   libmx:libmx.dll
 0001:00054512       mxGetClassID               0000000180055512 f   libmx:libmx.dll
 0001:00054518       mxIsNumeric                0000000180055518 f   libmx:libmx.dll
 0001:0005451e       mxIsComplex                000000018005551e f   libmx:libmx.dll
 0001:00054524       mxGetN                     0000000180055524 f   libmx:libmx.dll
 0001:0005452a       mxGetM                     000000018005552a f   libmx:libmx.dll
 0001:00054530       mxCalloc                   0000000180055530 f   libmx:libmx.dll
 0001:00054536       mxGetScalar                0000000180055536 f   libmx:libmx.dll
 0001:0005453c       mxIsLogical                000000018005553c f   libmx:libmx.dll
 0001:00054542       mxCreateDoubleMatrix_700   0000000180055542 f   libmx:libmx.dll
 0001:00054548       mxFree                     0000000180055548 f   libmx:libmx.dll
 0001:0005454e       mxArrayToString            000000018005554e f   libmx:libmx.dll
 0001:00054554       mxCreateCellMatrix_700     0000000180055554 f   libmx:libmx.dll
 0001:0005455a       mxSetCell_700              000000018005555a f   libmx:libmx.dll
 0001:00054560       mxGetCell_700              0000000180055560 f   libmx:libmx.dll
 0001:00054566       mxGetClassName             0000000180055566 f   libmx:libmx.dll
 0001:0005456c       mxSetField_700             000000018005556c f   libmx:libmx.dll
 0001:00054572       mxAddField                 0000000180055572 f   libmx:libmx.dll
 0001:00054578       mxGetField_700             0000000180055578 f   libmx:libmx.dll
 0001:0005457e       mxGetNumberOfElements      000000018005557e f   libmx:libmx.dll
 0001:00054584       mxIsStruct                 0000000180055584 f   libmx:libmx.dll
 0001:0005458a       mxIsA                      000000018005558a f   libmx:libmx.dll
 0001:00054590       mxIsClass                  0000000180055590 f   libmx:libmx.dll
 0001:00054596       mxGetLogicals              0000000180055596 f   libmx:libmx.dll
 0001:0005459c       mxIsSparse                 000000018005559c f   libmx:libmx.dll
 0001:000545a2       mxSetFieldByNumber_700     00000001800555a2 f   libmx:libmx.dll
 0001:000545a8       mxGetFieldByNumber_700     00000001800555a8 f   libmx:libmx.dll
 0001:000545ae       mxGetFieldNameByNumber     00000001800555ae f   libmx:libmx.dll
 0001:000545b4       mxGetNumberOfFields        00000001800555b4 f   libmx:libmx.dll
 0001:000545ba       mxCreateStructMatrix_700   00000001800555ba f   libmx:libmx.dll
 0001:000545c0       mxGetFieldNumber           00000001800555c0 f   libmx:libmx.dll
 0001:000545c6       mxIsNaN                    00000001800555c6 f   libmx:libmx.dll
 0001:000545cc       mxIsEmpty                  00000001800555cc f   libmx:libmx.dll
 0001:000545d2       mxGetData                  00000001800555d2 f   libmx:libmx.dll
 0001:000545d8       mxGetImagData              00000001800555d8 f   libmx:libmx.dll
 0001:000545de       mxArrayClassIDName         00000001800555de f   libmx:libmx.dll
 0001:000545e4       mxCreateNumericMatrix_700  00000001800555e4 f   libmx:libmx.dll
 0001:000545ea       mxCreateStructArray_700    00000001800555ea f   libmx:libmx.dll
 0001:000545f0       mxCalcSingleSubscript_700  00000001800555f0 f   libmx:libmx.dll
 0001:000545f6       mxGetDimensions_700        00000001800555f6 f   libmx:libmx.dll
 0001:000545fc       mxGetNumberOfDimensions_700 00000001800555fc f   libmx:libmx.dll
 0001:00054602       mxCreateNumericArray_700   0000000180055602 f   libmx:libmx.dll
 0001:00054608       mxGetElementSize           0000000180055608 f   libmx:libmx.dll
 0001:0005460e       mxCreateStringFromNChars_700 000000018005560e f   libmx:libmx.dll
 0001:00054614       mxGetString_700            0000000180055614 f   libmx:libmx.dll
 0001:0005461a       mxIsLogicalScalarTrue      000000018005561a f   libmx:libmx.dll
 0001:00054620       mxCreateLogicalScalar      0000000180055620 f   libmx:libmx.dll
 0001:00054626       mexUnlock                  0000000180055626 f   libmex:libmex.dll
 0001:0005462c       mexIsLocked                000000018005562c f   libmex:libmex.dll
 0001:00054632       mexWarnMsgTxt              0000000180055632 f   libmex:libmex.dll
 0001:00054638       mexCallMATLAB              0000000180055638 f   libmex:libmex.dll
 0001:0005463e       mexErrMsgTxt               000000018005563e f   libmex:libmex.dll
 0001:00054644       mexMakeArrayPersistent     0000000180055644 f   libmex:libmex.dll
 0001:0005464a       mexSetTrapFlag             000000018005564a f   libmex:libmex.dll
 0001:00054650       mexPutVariable             0000000180055650 f   libmex:libmex.dll
 0001:00054656       mexGetVariable             0000000180055656 f   libmex:libmex.dll
 0001:0005465c       mexLock                    000000018005565c f   libmex:libmex.dll
 0001:00054662       mexMakeMemoryPersistent    0000000180055662 f   libmex:libmex.dll
 0001:00054668       mexFunctionName            0000000180055668 f   libmex:libmex.dll
 0001:0005466e       ssRegisterDataTypeFxpFSlopeFixExpBias 000000018005566e f   libfixedpoint:libfixedpoint.dll
 0001:00054674       ssRegisterDataTypeFxpScaledDouble 0000000180055674 f   libfixedpoint:libfixedpoint.dll
 0001:0005467a       utMalloc                   000000018005567a f   libut:libut.dll
 0001:00054680       utFree                     0000000180055680 f   libut:libut.dll
 0001:00054686       utVSNprintf                0000000180055686 f   libut:libut.dll
 0001:0005468c       utCPUtime                  000000018005568c f   libut:libut.dll
 0001:00054692       utCalloc                   0000000180055692 f   libut:libut.dll
 0001:00054698       utRealloc                  0000000180055698 f   libut:libut.dll
 0001:0005469e       muDoubleScalarSin          000000018005569e f   libmwmathutil:libmwmathutil.dll
 0001:000546a4       muDoubleScalarCos          00000001800556a4 f   libmwmathutil:libmwmathutil.dll
 0001:000546aa       muDoubleScalarSqrt         00000001800556aa f   libmwmathutil:libmwmathutil.dll
 0001:000546b0       muDoubleScalarAbs          00000001800556b0 f   libmwmathutil:libmwmathutil.dll
 0001:000546b6       emlrtCreateRootTLS         00000001800556b6 f   libemlrt:libemlrt.dll
 0001:000546bc       emlrtDestroyRootTLS        00000001800556bc f   libemlrt:libemlrt.dll
 0001:000546c2       emlrtCheckBuiltInR2012b    00000001800556c2 f   libemlrt:libemlrt.dll
 0001:000546c8       emlrtCheckVsBuiltInR2012b  00000001800556c8 f   libemlrt:libemlrt.dll
 0001:000546ce       emlrtCheckEnumR2012b       00000001800556ce f   libemlrt:libemlrt.dll
 0001:000546d4       emlrtCreateEnumR2012b      00000001800556d4 f   libemlrt:libemlrt.dll
 0001:000546da       emlrtGetEnumElementR2009a  00000001800556da f   libemlrt:libemlrt.dll
 0001:000546e0       emlrtCreateReference       00000001800556e0 f   libemlrt:libemlrt.dll
 0001:000546e6       emlrtImportVsFiArrayR2009b 00000001800556e6 f   libemlrt:libemlrt.dll
 0001:000546ec       emlrtNameCapturePostProcessR2012a 00000001800556ec f   libemlrt:libemlrt.dll
 0001:000546f2       emlrtExtractMessageId      00000001800556f2 f   libemlrt:libemlrt.dll
 0001:000546f8       emlrtTranslateMessageIDtoLCPstring 00000001800556f8 f   libemlrt:libemlrt.dll
 0001:000546fe       emlrtForLoopVectorIsValidR2011b 00000001800556fe f   libemlrt:libemlrt.dll
 0001:00054704       emlrtTranslateUTF16MessagetoLCPstring 0000000180055704 f   libemlrt:libemlrt.dll
 0001:0005470a       emlrtGetEnumUnderlyingArrayR2009a 000000018005570a f   libemlrt:libemlrt.dll
 0001:00054710       emlrtIsEnumR2009a          0000000180055710 f   libemlrt:libemlrt.dll
 0001:00054718       __GSHandlerCheckCommon     0000000180055718 f   MSVCRT:gshandler.obj
 0001:0005477c       __GSHandlerCheck           000000018005577c f   MSVCRT:gshandler.obj
 0001:0005479a       strlen                     000000018005579a f   MSVCRT:MSVCR100.dll
 0001:000547b0       __security_check_cookie    00000001800557b0 f   MSVCRT:amdsecgs.obj
 0001:000547d0       memset                     00000001800557d0 f   MSVCRT:MSVCR100.dll
 0001:000547d6       strcmp                     00000001800557d6 f   MSVCRT:MSVCR100.dll
 0001:000547dc       free                       00000001800557dc f   MSVCRT:MSVCR100.dll
 0001:000547e2       sprintf                    00000001800557e2 f   MSVCRT:MSVCR100.dll
 0001:000547e8       malloc                     00000001800557e8 f   MSVCRT:MSVCR100.dll
 0001:000547ee       strcat                     00000001800557ee f   MSVCRT:MSVCR100.dll
 0001:000547f4       memcpy                     00000001800557f4 f   MSVCRT:MSVCR100.dll
 0001:000547fc       NtCurrentTeb               00000001800557fc f i MSVCRT:crtdll.obj
 0001:00054868       _CRT_INIT                  0000000180055868 f   MSVCRT:crtdll.obj
 0001:00054c00       _DllMainCRTStartup         0000000180055c00 f   MSVCRT:crtdll.obj
 0001:00054c3e       strncpy                    0000000180055c3e f   MSVCRT:MSVCR100.dll
 0001:00054c60       _alloca_probe              0000000180055c60     MSVCRT:chkstk.obj
 0001:00054c60       __chkstk                   0000000180055c60 f   MSVCRT:chkstk.obj
 0001:00054cae       longjmp                    0000000180055cae f   MSVCRT:MSVCR100.dll
 0001:00054cb4       strncmp                    0000000180055cb4 f   MSVCRT:MSVCR100.dll
 0001:00054cba       ceil                       0000000180055cba f   MSVCRT:MSVCR100.dll
 0001:00054cc0       strrchr                    0000000180055cc0 f   MSVCRT:MSVCR100.dll
 0001:00054cc6       _setjmp                    0000000180055cc6 f   MSVCRT:MSVCR100.dll
 0001:00054ccc       ldexp                      0000000180055ccc f   MSVCRT:MSVCR100.dll
 0001:00054cd4       __report_gsfailure         0000000180055cd4 f   MSVCRT:gs_report.obj
 0001:00054e20       __clean_type_info_names    0000000180055e20 f   MSVCRT:tncleanup.obj
 0001:00054e2c       _onexit                    0000000180055e2c f   MSVCRT:atonexit.obj
 0001:00054edc       atexit                     0000000180055edc f   MSVCRT:atonexit.obj
 0001:00054ef4       _RTC_Initialize            0000000180055ef4 f   MSVCRT:_initsect_.obj
 0001:00054f2c       _RTC_Terminate             0000000180055f2c f   MSVCRT:_initsect_.obj
 0001:00054f64       _malloc_crt                0000000180055f64 f   MSVCRT:MSVCR100.dll
 0001:00054f70       _ValidateImageBase         0000000180055f70 f   MSVCRT:pesect.obj
 0001:00054fa0       _FindPESection             0000000180055fa0 f   MSVCRT:pesect.obj
 0001:00054ff0       _IsNonwritableInCurrentImage 0000000180055ff0 f   MSVCRT:pesect.obj
 0001:00055032       _initterm                  0000000180056032 f   MSVCRT:MSVCR100.dll
 0001:00055038       _initterm_e                0000000180056038 f   MSVCRT:MSVCR100.dll
 0001:0005503e       _encoded_null              000000018005603e f   MSVCRT:MSVCR100.dll
 0001:00055044       _amsg_exit                 0000000180056044 f   MSVCRT:MSVCR100.dll
 0001:0005504a       __C_specific_handler       000000018005604a f   MSVCRT:MSVCR100.dll
 0001:00055050       __CppXcptFilter            0000000180056050 f   MSVCRT:MSVCR100.dll
 0001:00055058       DllMain                    0000000180056058 f   MSVCRT:dllmain.obj
 0001:0005507c       __security_init_cookie     000000018005607c f   MSVCRT:gs_support.obj
 0001:00055130       __crt_debugger_hook        0000000180056130 f   MSVCRT:MSVCR100.dll
 0001:00055136       __clean_type_info_names_internal 0000000180056136 f   MSVCRT:MSVCR100.dll
 0001:0005513c       _unlock                    000000018005613c f   MSVCRT:MSVCR100.dll
 0001:00055142       __dllonexit                0000000180056142 f   MSVCRT:MSVCR100.dll
 0001:00055148       _lock                      0000000180056148 f   MSVCRT:MSVCR100.dll
 0001:0005514e       EncodePointer              000000018005614e f   kernel32:KERNEL32.dll
 0001:00055154       DecodePointer              0000000180056154 f   kernel32:KERNEL32.dll
 0001:0005515a       Sleep                      000000018005615a f   kernel32:KERNEL32.dll
 0001:00055160       TerminateProcess           0000000180056160 f   kernel32:KERNEL32.dll
 0001:00055166       GetCurrentProcess          0000000180056166 f   kernel32:KERNEL32.dll
 0001:0005516c       UnhandledExceptionFilter   000000018005616c f   kernel32:KERNEL32.dll
 0001:00055172       SetUnhandledExceptionFilter 0000000180056172 f   kernel32:KERNEL32.dll
 0001:00055178       IsDebuggerPresent          0000000180056178 f   kernel32:KERNEL32.dll
 0001:0005517e       RtlVirtualUnwind           000000018005617e f   kernel32:KERNEL32.dll
 0001:00055184       RtlLookupFunctionEntry     0000000180056184 f   kernel32:KERNEL32.dll
 0001:0005518a       RtlCaptureContext          000000018005618a f   kernel32:KERNEL32.dll
 0001:00055190       DisableThreadLibraryCalls  0000000180056190 f   kernel32:KERNEL32.dll
 0001:00055196       QueryPerformanceCounter    0000000180056196 f   kernel32:KERNEL32.dll
 0001:0005519c       GetTickCount               000000018005619c f   kernel32:KERNEL32.dll
 0001:000551a2       GetCurrentThreadId         00000001800561a2 f   kernel32:KERNEL32.dll
 0001:000551a8       GetCurrentProcessId        00000001800561a8 f   kernel32:KERNEL32.dll
 0001:000551ae       GetSystemTimeAsFileTime    00000001800561ae f   kernel32:KERNEL32.dll
 0002:00000000       __imp_RtlLookupFunctionEntry 0000000180057000     kernel32:KERNEL32.dll
 0002:00000008       __imp_RtlVirtualUnwind     0000000180057008     kernel32:KERNEL32.dll
 0002:00000010       __imp_IsDebuggerPresent    0000000180057010     kernel32:KERNEL32.dll
 0002:00000018       __imp_SetUnhandledExceptionFilter 0000000180057018     kernel32:KERNEL32.dll
 0002:00000020       __imp_UnhandledExceptionFilter 0000000180057020     kernel32:KERNEL32.dll
 0002:00000028       __imp_GetCurrentProcess    0000000180057028     kernel32:KERNEL32.dll
 0002:00000030       __imp_TerminateProcess     0000000180057030     kernel32:KERNEL32.dll
 0002:00000038       __imp_Sleep                0000000180057038     kernel32:KERNEL32.dll
 0002:00000040       __imp_DecodePointer        0000000180057040     kernel32:KERNEL32.dll
 0002:00000048       __imp_EncodePointer        0000000180057048     kernel32:KERNEL32.dll
 0002:00000050       __imp_DisableThreadLibraryCalls 0000000180057050     kernel32:KERNEL32.dll
 0002:00000058       __imp_QueryPerformanceCounter 0000000180057058     kernel32:KERNEL32.dll
 0002:00000060       __imp_GetTickCount         0000000180057060     kernel32:KERNEL32.dll
[...]
 0001:0002b0e0       sf_mex_check_fimath        000000018002c0e0 f   sfc_mex:sfc_mex.obj
 0001:0002bc40       size_mismatch_error        000000018002cc40 f   sfc_mex:sfc_mex.obj
 0001:0002c6b0       check_array_dimensions     000000018002d6b0 f   sfc_mex:sfc_mex.obj
 0001:0002c720       check_input_mxarray        000000018002d720 f   sfc_mex:sfc_mex.obj
 0001:0002ce60       sf_numeric_value_to_double 000000018002de60 f   sfc_mex:sfc_mex.obj
 0001:0002ceb0       ml_generic_out_of_bounds_check 000000018002deb0 f   sfc_mex:sfc_mex.obj
 0001:0002d070       ml_get_element_value_from_array 000000018002e070 f   sfc_mex:sfc_mex.obj
 0001:0002d410       _ml_generic_castability_check 000000018002e410 f   sfc_mex:sfc_mex.obj
 0001:0002db60       ml_generic_castability_check 000000018002eb60 f   sfc_mex:sfc_mex.obj
 0001:0002dc00       ml_check_mx_array_for_single_castability 000000018002ec00 f   sfc_mex:sfc_mex.obj
 0001:0002dca0       ml_check_mx_array_for_logical_castability 000000018002eca0 f   sfc_mex:sfc_mex.obj
 0001:0002dd40       ml_check_mx_array_for_int8_castability 000000018002ed40 f   sfc_mex:sfc_mex.obj
 0001:0002ddf0       ml_check_mx_array_for_uint8_castability 000000018002edf0 f   sfc_mex:sfc_mex.obj
 0001:0002de50       ml_check_mx_array_for_int16_castability 000000018002ee50 f   sfc_mex:sfc_mex.obj
 0001:0002deb0       ml_check_mx_array_for_uint16_castability 000000018002eeb0 f   sfc_mex:sfc_mex.obj
 0001:0002df10       ml_check_mx_array_for_int32_castability 000000018002ef10 f   sfc_mex:sfc_mex.obj
 0001:0002df70       ml_check_mx_array_for_uint32_castability 000000018002ef70 f   sfc_mex:sfc_mex.obj
 0001:0002dfd0       ml_check_mx_array_for_castability 000000018002efd0 f   sfc_mex:sfc_mex.obj
 0001:0002e7f0       set_data_value             000000018002f7f0 f   sfc_mex:sfc_mex.obj
 0001:0002eb60       get_data_value             000000018002fb60 f   sfc_mex:sfc_mex.obj
 0001:0002ec70       get_next_element_address   000000018002fc70 f   sfc_mex:sfc_mex.obj
 0001:0002ed40       sf_normalize_index         000000018002fd40 f   sfc_mex:sfc_mex.obj
 0001:0002f0f0       ml_array_index_bound_check 00000001800300f0 f   sfc_mex:sfc_mex.obj
 0001:0002fc70       mx_value                   0000000180030c70 f   sfc_mex:sfc_mex.obj
 0001:0002fcc0       sf_create_numeric_array    0000000180030cc0 f   sfc_mex:sfc_mex.obj
 0001:0002fd60       sf_mex_assign_to_mx_array  0000000180030d60 f   sfc_mex:sfc_mex.obj
 0001:000300d0       assign_from_mx_array       00000001800310d0 f   sfc_mex:sfc_mex.obj
 0001:00030830       sf_mex_import_v            0000000180031830 f   sfc_mex:sfc_mex.obj
 0001:00030f40       get_machine_and_chart_file_number 0000000180031f40 f   sfc_mex:sfc_sf.obj
 0001:00031030       get_sfun_block_specialization 0000000180032030 f   sfc_mex:sfc_sf.obj
 0001:000310e0       call_sf_machine_global_method_dispatcher 00000001800320e0 f   sfc_mex:sfc_sf.obj
 0001:00031330       mdl_zeroCrossings_processing 0000000180032330 f   sfc_mex:sfc_sf.obj
 0001:00031410       mdl_derivatives_processing 0000000180032410 f   sfc_mex:sfc_sf.obj
 0001:000316f0       mdl_outputs_continuous_legacy 00000001800326f0 f   sfc_mex:sfc_sf.obj
 0001:00031770       mdl_outputs_processing     0000000180032770 f   sfc_mex:sfc_sf.obj
 0001:000319e0       mdl_enable_processing      00000001800329e0 f   sfc_mex:sfc_sf.obj
 0001:00031ac0       mdl_disable_processing     0000000180032ac0 f   sfc_mex:sfc_sf.obj
 0001:00032950       sf_call_output_fcn_enable_disable 0000000180033950 f   sfc_mex:sfc_sf.obj
 0001:00032bd0       set_dwork_information_from_mx_array 0000000180033bd0 f   sfc_mex:sfc_sf.obj
 0001:000334c0       ptr2mxStruct               00000001800344c0 f   sfc_mex:sfc_sf.obj
 0001:000337d0       SNPRINTF_WRAPPER           00000001800347d0 f   sfc_debug:sfcdebug.obj
 0001:00033800       sf_debug_chart_instance_initialized 0000000180034800 f   sfc_debug:sfcdebug.obj
 0001:000339a0       sfrtAddSize                00000001800349a0 f   sfc_debug:sfcdebug.obj
 0001:00033a60       sfrtGenSizeString          0000000180034a60 f   sfc_debug:sfcdebug.obj
 0001:000341b0       fill_single_message_info   00000001800351b0 f   sfc_debug:sfcdebug.obj
 0001:00034430       sf_debug_sim_status_listener 0000000180035430 f   sfc_debug:sfcdebug.obj
 0001:000349c0       sf_debug_form_mask_bits    00000001800359c0 f   sfc_debug:sfcdebug.obj
 0001:000349e0       sf_debug_form_sf_data_type_offsets 00000001800359e0 f   sfc_debug:sfcdebug.obj
 0001:00034aa0       sf_debug_free_all          0000000180035aa0 f   sfc_debug:sfcdebug.obj
 0001:00034c30       sf_debug_append_debugger_context 0000000180035c30 f   sfc_debug:sfcdebug.obj
 0001:00034fa0       local_strdup               0000000180035fa0 f   sfc_debug:sfcdebug.obj
 0001:00035f20       sf_debug_em_terminate      0000000180036f20 f   sfc_debug:sfcdebug.obj
 0001:00035f60       sf_debug_push_eml_function 0000000180036f60 f   sfc_debug:sfcdebug.obj
 0001:00036000       sf_debug_pop_eml_function  0000000180037000 f   sfc_debug:sfcdebug.obj
 0001:00036ca0       sf_debug_get_machine_number_from_id_or_name 0000000180037ca0 f   sfc_debug:sfcdebug.obj
 0001:00036df0       sf_debug_get_chart_number_from_id 0000000180037df0 f   sfc_debug:sfcdebug.obj
 0001:00037bd0       sf_debug_transfer_control_to_debugger_GUI 0000000180038bd0 f   sfc_debug:sfcdebug.obj
 0001:00038b40       sf_debug_scripts_rehash    0000000180039b40 f   sfc_debug:sfcdebug.obj
 0001:00038d50       sf_debug_get_script_line_count 0000000180039d50 f   sfc_debug:sfcdebug.obj
 0001:000397a0       cv_eml_state_cvId          000000018003a7a0 f   sfc_debug:sfcdebug.obj
 0001:00039810       cv_eml_trans_cvId          000000018003a810 f   sfc_debug:sfcdebug.obj
 0001:0003ac90       sf_debug_data_array_bounds_error 000000018003bc90 f   sfc_debug:sfcdebug.obj
 0001:0003b040       eml_debug_runtime_error_doclink 000000018003c040 f   sfc_debug:sfcdebug.obj
 0001:0003b1b0       sf_debug_runtime_error     000000018003c1b0 f   sfc_debug:sfcdebug.obj
 0001:0003b220       sf_debug_matlab_error      000000018003c220 f   sfc_debug:sfcdebug.obj
 0001:0003bb90       sf_debug_data_value_error  000000018003cb90 f   sfc_debug:sfcdebug.obj
 0001:0003c460       sf_debug_data_loss_error   000000018003d460 f   sfc_debug:sfcdebug.obj
 0001:0003d380       call_cv_range_check        000000018003e380 f   sfc_debug:sfcdebug.obj
 0001:0003dbe0       sf_debug_invoke_cycle_detection_code 000000018003ebe0 f   sfc_debug:sfcdebug.obj
 0001:0003e750       sf_reset_debug_info_struct 000000018003f750 f   sfc_debug:sfcdebug.obj
 0001:0003ef40       cv_script_cvId             000000018003ff40 f   sfc_debug:sfcdebug.obj
 0001:00040100       sfc_api_chart_visible      0000000180041100 f   sfc_debug:sfc_api.obj
 0001:00040190       sfc_api_active_instance    0000000180041190 f   sfc_debug:sfc_api.obj
 0001:00040220       sfc_api_machine_load       0000000180041220 f   sfc_debug:sfc_api.obj
 0001:00040310       sfc_api_debugger_alive     0000000180041310 f   sfc_debug:sfc_api.obj
 0001:00040320       sfc_api_go                 0000000180041320 f   sfc_debug:sfc_api.obj
 0001:00040330       sfc_api_step_over          0000000180041330 f   sfc_debug:sfc_api.obj
 0001:00040340       sfc_api_step_out           0000000180041340 f   sfc_debug:sfc_api.obj
 0001:00040350       sfc_api_resume             0000000180041350 f   sfc_debug:sfc_api.obj
 0001:00040360       sfc_api_break              0000000180041360 f   sfc_debug:sfc_api.obj
 0001:00040370       sfc_api_stop_debugging     0000000180041370 f   sfc_debug:sfc_api.obj
 0001:000403d0       sfc_api_is_cycle_detected  00000001800413d0 f   sfc_debug:sfc_api.obj
 0001:00040430       sfc_api_is_array_bounds_detected 0000000180041430 f   sfc_debug:sfc_api.obj
 0001:00040490       sfc_api_set_disable_all_breakpoints 0000000180041490 f   sfc_debug:sfc_api.obj
 0001:00040510       sfc_api_disable_all_breakpoints_and_go 0000000180041510 f   sfc_debug:sfc_api.obj
 0001:00040520       sfc_api_close              0000000180041520 f   sfc_debug:sfc_api.obj
 0001:00040530       sfc_api_browse_data        0000000180041530 f   sfc_debug:sfc_api.obj
 0001:000405b0       sfc_api_watch_data         00000001800415b0 f   sfc_debug:sfc_api.obj
 0001:000406c0       sfc_api_extract_message_post_receive_info 00000001800416c0 f   sfc_debug:sfc_api.obj
 0001:000406e0       sfc_api_assign_data        00000001800416e0 f   sfc_debug:sfc_api.obj
 0001:00040790       sfc_api_whos               0000000180041790 f   sfc_debug:sfc_api.obj
 0001:00040820       sfc_api_get_consistency_info 0000000180041820 f   sfc_debug:sfc_api.obj
 0001:00040830       sfc_api_browse_trace       0000000180041830 f   sfc_debug:sfc_api.obj
 0001:00040840       sfc_api_break_on_chart_entry 0000000180041840 f   sfc_debug:sfc_api.obj
 0001:00040870       sfc_api_break_on_event_broadcast 0000000180041870 f   sfc_debug:sfc_api.obj
 0001:000408a0       sfc_api_break_on_state_entry 00000001800418a0 f   sfc_debug:sfc_api.obj
 0001:000408d0       sfc_api_set_watch          00000001800418d0 f   sfc_debug:sfc_api.obj
 0001:00040980       sfc_api_set_breakpoints    0000000180041980 f   sfc_debug:sfc_api.obj
 0001:00040a40       sfc_api_set_eml_breakpoints 0000000180041a40 f   sfc_debug:sfc_api.obj
 0001:00040ae0       sfc_api_set_script_breakpoints 0000000180041ae0 f   sfc_debug:sfc_api.obj
 0001:00040b40       sfc_api_add_script_breakpoints 0000000180041b40 f   sfc_debug:sfc_api.obj
 0001:00040ba0       sfc_api_clear_script_breakpoints 0000000180041ba0 f   sfc_debug:sfc_api.obj
 0001:00040c00       sfc_api_query_script_breakpoints 0000000180041c00 f   sfc_debug:sfc_api.obj
 0001:00040c70       sfc_api_get_script_id      0000000180041c70 f   sfc_debug:sfc_api.obj
 0001:00040d30       sfc_api_get_active_states  0000000180041d30 f   sfc_debug:sfc_api.obj
 0001:00040dc0       sfc_api_break_between_times 0000000180041dc0 f   sfc_debug:sfc_api.obj
 0001:00040e30       sfc_api_get_instance_handle 0000000180041e30 f   sfc_debug:sfc_api.obj
 0001:00040f00       sfc_api_set_animation      0000000180041f00 f   sfc_debug:sfc_api.obj
 0001:00040f50       sfc_api_select_chart       0000000180041f50 f   sfc_debug:sfc_api.obj
 0001:00040fc0       sfc_api_select_charts      0000000180041fc0 f   sfc_debug:sfc_api.obj
 0001:00040ff0       sfc_api_cycle_detection_check 0000000180041ff0 f   sfc_debug:sfc_api.obj
 0001:00041040       sfc_api_data_range_check   0000000180042040 f   sfc_debug:sfc_api.obj
 0001:00041090       sfc_api_transition_conflict_check 0000000180042090 f   sfc_debug:sfc_api.obj
 0001:000410e0       sfc_api_state_consistency_check 00000001800420e0 f   sfc_debug:sfc_api.obj
 0001:00041130       sfc_api_set_instance_cv_ids 0000000180042130 f   sfc_debug:sfc_api.obj
 0001:00041260       sfc_api_set_script_cv_ids  0000000180042260 f   sfc_debug:sfc_api.obj
 0001:00041330       sfc_api_get_current_machine_id 0000000180042330 f   sfc_debug:sfc_api.obj
 0001:00041360       sfc_api_get_current_machine_number 0000000180042360 f   sfc_debug:sfc_api.obj
 0001:00041390       sfc_api_get_current_chart_number 0000000180042390 f   sfc_debug:sfc_api.obj
 0001:000413c0       sfc_api_get_current_instance_number 00000001800423c0 f   sfc_debug:sfc_api.obj
 0001:000413f0       sfc_api_get_current_instance_handle 00000001800423f0 f   sfc_debug:sfc_api.obj
 0001:00041410       sfc_api_get_current_is_minor_time_step 0000000180042410 f   sfc_debug:sfc_api.obj
 0001:00041440       sfc_api_get_current_machine_name 0000000180042440 f   sfc_debug:sfc_api.obj
 0001:00041460       sfc_api_get_current_chart_id 0000000180042460 f   sfc_debug:sfc_api.obj
 0001:00041490       sfc_api_get_current_object_type 0000000180042490 f   sfc_debug:sfc_api.obj
 0001:000414c0       sfc_api_get_current_event_type 00000001800424c0 f   sfc_debug:sfc_api.obj
 0001:000414f0       sfc_api_get_current_object_id 00000001800424f0 f   sfc_debug:sfc_api.obj
 0001:00041520       sfc_get_current_active_event_type 0000000180042520 f   sfc_debug:sfc_api.obj
 0001:00041550       sfc_api_get_current_active_event_id 0000000180042550 f   sfc_debug:sfc_api.obj
 0001:00041580       sfc_api_get_current_simulation_time 0000000180042580 f   sfc_debug:sfc_api.obj
 0001:000415a0       sfc_get_current_tag_type   00000001800425a0 f   sfc_debug:sfc_api.obj
 0001:000415d0       sfc_get_current_coverage_percentage 00000001800425d0 f   sfc_debug:sfc_api.obj
 0001:000415f0       sfc_get_current_statement_context 00000001800425f0 f   sfc_debug:sfc_api.obj
 0001:00041610       sfc_get_current_optional_integer 0000000180042610 f   sfc_debug:sfc_api.obj
 0001:00041640       sfc_get_current_statement_info 0000000180042640 f   sfc_debug:sfc_api.obj
 0001:000416e0       sfc_api_get                00000001800426e0 f   sfc_debug:sfc_api.obj
 0001:00042340       sf_debug_sm_fill_state_activity_data 0000000180043340 f   sfc_debug:sfdb_animation.obj
 0001:00044b80       void_ptr_stack_vector_free_total 0000000180045b80 f   sfc_debug:sfdb_data_browse.obj
 0001:00044c00       sf_debug_st_terminate_machine 0000000180045c00 f   sfc_debug:sfdb_data_browse.obj
 0001:00044c40       sf_debug_st_terminate_instance 0000000180045c40 f   sfc_debug:sfdb_data_browse.obj
 0001:00044ff0       push_on_to_void_ptr_stack  0000000180045ff0 f   sfc_debug:sfdb_data_browse.obj
 0001:00045180       pop_from_void_ptr_stack    0000000180046180 f   sfc_debug:sfdb_data_browse.obj
 0001:000452b0       sf_debug_st_get_data_value 00000001800462b0 f   sfc_debug:sfdb_data_browse.obj
 0001:000457e0       mx_value                   00000001800467e0 f   sfc_debug:sfdb_data_browse.obj
 0001:00045820       sf_debug_st_fill_data_struct 0000000180046820 f   sfc_debug:sfdb_data_browse.obj
 0001:00045b60       data_type_format_strings   0000000180046b60 f   sfc_debug:sfdb_data_browse.obj
 0001:00045c10       sf_debug_st_fill_data      0000000180046c10 f   sfc_debug:sfdb_data_browse.obj
 0001:00046900       sf_debug_hm_get_simulink_handle 0000000180047900 f   sfc_debug:sfdb_handle_management.obj
 0001:000473b0       sf_debug_hm_initialize_globals 00000001800483b0 f   sfc_debug:sfdb_handle_management.obj
 0001:000474b0       sf_debug_hm_get_machine_debug_flag 00000001800484b0 f   sfc_debug:sfdb_handle_management.obj
 0001:00047620       sf_debug_hm_get_machine_id 0000000180048620 f   sfc_debug:sfdb_handle_management.obj
 0001:00047740       sf_debug_hm_get_chart_id   0000000180048740 f   sfc_debug:sfdb_handle_management.obj
 0001:000478e0       sf_debug_hm_register_executing_SFunction 00000001800488e0 f   sfc_debug:sfdb_handle_management.obj
 0001:00047c70       sf_debug_hm_form_object_boolean_properties 0000000180048c70 f   sfc_debug:sfdb_handle_management.obj
 0001:00047f40       sf_debug_hm_form_object_properties 0000000180048f40 f   sfc_debug:sfdb_handle_management.obj
 0001:00048180       sf_debug_hm_terminate_charts 0000000180049180 f   sfc_debug:sfdb_handle_management.obj
 0001:00048860       sf_debug_hm_terminate_machines 0000000180049860 f   sfc_debug:sfdb_handle_management.obj
 0001:0004a2d0       sf_debug_ss_copy_dimension 000000018004b2d0 f   sfc_debug:sfdb_symbol_scope.obj
 0001:0004a390       sf_debug_ss_get_number_elements 000000018004b390 f   sfc_debug:sfdb_symbol_scope.obj
 0001:0004a3b0       sf_debug_ss_fill_data_struct 000000018004b3b0 f   sfc_debug:sfdb_symbol_scope.obj
 0001:0004a700       sf_debug_ss_reset_data_info 000000018004b700 f   sfc_debug:sfdb_symbol_scope.obj
 0001:0004a760       sf_debug_fill_data_info_by_symbol_scope_entry 000000018004b760 f   sfc_debug:sfdb_symbol_scope.obj
 0001:0004a820       sf_debug_fill_data_info_by_data_vector 000000018004b820 f   sfc_debug:sfdb_symbol_scope.obj
 0001:0004aa70       get_data_info_helper       000000018004ba70 f   sfc_debug:sfdb_symbol_scope.obj
 0001:0004ad60       sf_debug_ss_get_data_info  000000018004bd60 f   sfc_debug:sfdb_symbol_scope.obj
 0001:0004af80       sf_debug_select_mex_function 000000018004bf80 f   sfc_debug:sfdb_symbol_scope.obj
 0001:0004afb0       sf_debug_is_dyn_matrix_initialized 000000018004bfb0 f   sfc_debug:sfdb_symbol_scope.obj
 0001:0004afd0       sf_debug_ss_set_data_value_try 000000018004bfd0 f   sfc_debug:sfdb_symbol_scope.obj
 0001:0004b1c0       sf_debug_ss_get_data_value 000000018004c1c0 f   sfc_debug:sfdb_symbol_scope.obj
 0001:0004b920       sf_debug_ss_data_bytes_string 000000018004c920 f   sfc_debug:sfdb_symbol_scope.obj
 0001:0004b9b0       sf_debug_ss_data_class_string 000000018004c9b0 f   sfc_debug:sfdb_symbol_scope.obj
 0001:0004bd30       sf_debug_ss_data_size_string 000000018004cd30 f   sfc_debug:sfdb_symbol_scope.obj
 0001:0004be10       sf_debug_ss_data_create_data_info_struct 000000018004ce10 f   sfc_debug:sfdb_symbol_scope.obj
 0001:0004c0c0       sf_debug_ss_data_create_name_value_pair 000000018004d0c0 f   sfc_debug:sfdb_symbol_scope.obj
 0001:0004c160       sf_debug_ss_data_get_whos_info 000000018004d160 f   sfc_debug:sfdb_symbol_scope.obj
 0001:0004c170       same_named_data_in_data_array 000000018004d170 f   sfc_debug:sfdb_symbol_scope.obj
 0001:0004d900       sf_debug_cc_terminate_chart 000000018004e900 f   sfc_debug:sfdb_coverage.obj
 0001:0004dc10       sf_debug_cc_terminate_instance 000000018004ec10 f   sfc_debug:sfdb_coverage.obj
 0001:0004e7e0       sf_debug_cc_mark_object_if_needed 000000018004f7e0 f   sfc_debug:sfdb_coverage.obj
 0001:0004f060       sf_debug_bm_initialize_eml 0000000180050060 f   sfc_debug:sfdb_breakpoints.obj
 0001:00050120       sf_debug_bm_map_debug_tag_to_breakpoint_tag 0000000180051120 f   sfc_debug:sfdb_breakpoints.obj
 0001:00050200       sf_debug_bm_is_a_eml_breakpoint_impl 0000000180051200 f   sfc_debug:sfdb_breakpoints.obj
 0001:00051b30       sf_debug_sc_push_on_error_stack 0000000180052b30 f   sfc_debug:sfdb_state_consistency.obj
 0001:00051c50       sf_debug_sc_reset_error_stack 0000000180052c50 f   sfc_debug:sfdb_state_consistency.obj
 0001:00051de0       sf_debug_sc_is_state_inconsistent 0000000180052de0 f   sfc_debug:sfdb_state_consistency.obj
 0001:000520d0       sf_debug_sc_fill_consistency_info 00000001800530d0 f   sfc_debug:sfdb_state_consistency.obj
 0001:00052670       void_assertion_fcn         0000000180053670 f   sfc_debug:sfdb_call_stack.obj
 0001:00052bc0       sf_debug_tm_fill_local_trace 0000000180053bc0 f   sfc_debug:sfdb_call_stack.obj
 0001:00053160       sf_debug_cd_terminate_instance 0000000180054160 f   sfc_debug:sfdb_cycle_detection.obj
 0001:000531c0       sf_debug_cd_free_checksum_stack 00000001800541c0 f   sfc_debug:sfdb_cycle_detection.obj
 0001:00053210       sf_debug_cd_reset_pack_strings 0000000180054210 f   sfc_debug:sfdb_cycle_detection.obj
 0001:000538b0       md5file_clear              00000001800548b0 f   sfc_debug:ckmd5.obj
 0001:000538e0       Encode                     00000001800548e0 f   sfc_debug:ckmd5.obj
 0001:00053930       Decode                     0000000180054930 f   sfc_debug:ckmd5.obj
 0001:000539d0       MD5Transform               00000001800549d0 f   sfc_debug:ckmd5.obj
 0001:00054230       md5file_addn               0000000180055230 f   sfc_debug:ckmd5.obj
 0001:00054300       md5file_hash               0000000180055300 f   sfc_debug:ckmd5.obj
 0001:00054808       pre_c_init                 0000000180055808 f   MSVCRT:crtdll.obj
 0001:00054ac4       __DllMainCRTStartup        0000000180055ac4 f   MSVCRT:crtdll.obj
 0001:000551c0       __DllMainCRTStartup$filt$0 00000001800561c0 f   MSVCRT:crtdll.obj
 0001:000551f0       __DllMainCRTStartup$fin$1  00000001800561f0 f   MSVCRT:crtdll.obj
 0001:0005520a       _onexit$fin$0              000000018005620a f   MSVCRT:atonexit.obj
 0001:00055230       _IsNonwritableInCurrentImage$filt$0 0000000180056230 f   MSVCRT:pesect.obj
